minecraft:allay, CREATURE
minecraft:axolotl, AXOLOTLS
minecraft:bat, AMBIENT
minecraft:bee, CREATURE
minecraft:blaze, MONSTER
minecraft:cat, CREATURE
minecraft:cave_spider, MONSTER
minecraft:chicken, CREATURE
minecraft:cod, WATER_AMBIENT
minecraft:cow, CREATURE
minecraft:creeper, MONSTER
minecraft:dolphin, WATER_CREATURE
minecraft:donkey, CREATURE
minecraft:drowned, MONSTER
minecraft:elder_guardian, MONSTER
minecraft:ender_dragon, MONSTER
minecraft:enderman, MONSTER
minecraft:endermite, MONSTER
minecraft:evoker, MONSTER
minecraft:fox, CREATURE
minecraft:frog, CREATURE
minecraft:ghast, MONSTER
minecraft:giant, MONSTER
minecraft:glow_squid, UNDERGROUND_WATER_CREATURE
minecraft:goat, CREATURE
minecraft:guardian, MONSTER
minecraft:hoglin, MONSTER
minecraft:horse, CREATURE
minecraft:husk, MONSTER
minecraft:illusioner, MONSTER
minecraft:llama, CREATURE
minecraft:magma_cube, MONSTER
minecraft:mule, CREATURE
minecraft:mooshroom, CREATURE
minecraft:ocelot, CREATURE
minecraft:panda, CREATURE
minecraft:parrot, CREATURE
minecraft:phantom, MONSTER
minecraft:pig, CREATURE
minecraft:piglin, MONSTER
minecraft:piglin_brute, MONSTER
minecraft:pillager, MONSTER
minecraft:polar_bear, CREATURE
minecraft:pufferfish, WATER_AMBIENT
minecraft:rabbit, CREATURE
minecraft:ravager, MONSTER
minecraft:salmon, WATER_AMBIENT
minecraft:sheep, CREATURE
minecraft:shulker, MONSTER
minecraft:silverfish, MONSTER
minecraft:skeleton, MONSTER
minecraft:skeleton_horse, CREATURE
minecraft:slime, MONSTER
minecraft:spider, MONSTER
minecraft:squid, WATER_CREATURE
minecraft:stray, MONSTER
minecraft:strider, CREATURE
minecraft:tadpole, CREATURE
minecraft:trader_llama, CREATURE
minecraft:tropical_fish, WATER_AMBIENT
minecraft:turtle, CREATURE
minecraft:vex, MONSTER
minecraft:vindicator, MONSTER
minecraft:wandering_trader, CREATURE
minecraft:warden, MONSTER
minecraft:witch, MONSTER
minecraft:wither, MONSTER
minecraft:wither_skeleton, MONSTER
minecraft:wolf, CREATURE
minecraft:zoglin, MONSTER
minecraft:zombie, MONSTER
minecraft:zombie_horse, CREATURE
minecraft:zombie_villager, MONSTER
minecraft:zombified_piglin, MONSTER
hamsters:hamster, CREATURE
goety:obsidian_monolith, MONSTER
goety:totemic_wall, MONSTER
goety:totemic_bomb, MONSTER
goety:glacial_wall, MONSTER
goety:quick_growing_vine, MONSTER
goety:quick_growing_kelp, MONSTER
goety:poison_quill_vine, MONSTER
goety:poison_anemone, MONSTER
goety:insect_swarm, MONSTER
goety:apostle, MONSTER
goety:warlock, MONSTER
goety:wartling, MONSTER
goety:crone, MONSTER
goety:skeleton_villager_servant, MONSTER
goety:zpiglin_servant, MONSTER
goety:zpiglin_brute_servant, MONSTER
goety:malghast, MONSTER
goety:inferno, MONSTER
goety:damned, MONSTER
goety:vampire_bat, MONSTER
goety:wraith, MONSTER
goety:border_wraith, MONSTER
goety:crypt_slime, MONSTER
goety:bone_spider, MONSTER
goety:cairn_necromancer, MONSTER
goety:haunted_armor, MONSTER
goety:ally_vex, MONSTER
goety:ally_irk, MONSTER
goety:zombie_servant, MONSTER
goety:husk_servant, MONSTER
goety:drowned_servant, MONSTER
goety:frozen_zombie_servant, MONSTER
goety:jungle_zombie_servant, MONSTER
goety:skeleton_servant, MONSTER
goety:stray_servant, MONSTER
goety:wither_skeleton_servant, MONSTER
goety:mossy_skeleton_servant, MONSTER
goety:sunken_skeleton_servant, MONSTER
goety:necromancer_servant, MONSTER
goety:cairn_necromancer_servant, MONSTER
goety:vanguard_servant, MONSTER
goety:wraith_servant, MONSTER
goety:border_wraith_servant, MONSTER
goety:skeleton_pillager, MONSTER
goety:zombie_vindicator, MONSTER
goety:bound_evoker, MONSTER
goety:bound_iceologer, MONSTER
goety:haunted_armor_servant, MONSTER
goety:haunted_skull, MONSTER
goety:mini_ghast, MONSTER
goety:ghast_servant, MONSTER
goety:blaze_servant, MONSTER
goety:slime_servant, MONSTER
goety:magma_cube_servant, MONSTER
goety:crypt_slime_servant, MONSTER
goety:spider_servant, MONSTER
goety:cave_spider_servant, MONSTER
goety:web_spider_servant, MONSTER
goety:icy_spider_servant, MONSTER
goety:bone_spider_servant, MONSTER
goety:ravaged, MONSTER
goety:ravager, MONSTER
goety:armored_ravager, MONSTER
goety:zombie_ravager, MONSTER
goety:black_wolf, MONSTER
goety:bear_servant, MONSTER
goety:polar_bear_servant, MONSTER
goety:hoglin_servant, MONSTER
goety:whisperer, MONSTER
goety:wavewhisperer, MONSTER
goety:leapleaf, MONSTER
goety:ice_golem, MONSTER
goety:squall_golem, MONSTER
goety:redstone_golem, MONSTER
goety:grave_golem, MONSTER
goety:haunt, MONSTER
goety:redstone_monstrosity, MONSTER
goety:redstone_cube, MONSTER
goety:envioker, MONSTER
goety:tormentor, MONSTER
goety:inquillager, MONSTER
goety:conquillager, MONSTER
goety:piker, MONSTER
goety:ripper, MONSTER
goety:trampler, MONSTER
goety:crusher, MONSTER
goety:storm_caster, MONSTER
goety:cryologer, MONSTER
goety:preacher, MONSTER
goety:minister, MONSTER
goety:hostile_redstone_golem, MONSTER
goety:vizier, MONSTER
goety:vizier_clone, MONSTER
goety:irk, MONSTER
goety:skull_lord, MONSTER
goety:bone_lord, MONSTER
goety:wither_necromancer, MONSTER
bagus_lib:mini_bagu, CREATURE
unusualend:endstone_trapper, MONSTER
unusualend:undead_enderling, MONSTER
unusualend:ender_blob, MONSTER
unusualend:ender_firefly, MONSTER
unusualend:endstone_golem, MONSTER
unusualend:dragling, MONSTER
unusualend:bolok, MONSTER
unusualend:warpedislandplacer, MONSTER
botania:doppleganger, MONSTER
ghosts:ghost, CREATURE
ghosts:small_ghost, CREATURE
graveyard:skeleton_creeper, MONSTER
graveyard:acolyte, MONSTER
graveyard:reaper, MONSTER
graveyard:ghoul, MONSTER
graveyard:nightmare, MONSTER
graveyard:revenant, MONSTER
graveyard:falling_corpse, MONSTER
graveyard:lich, MONSTER
graveyard:wraith, MONSTER
graveyard:corrupted_pillager, MONSTER
graveyard:corrupted_vindicator, MONSTER
graveyard:ghouling, CREATURE
graveyard:nameless_hanged, CREATURE
totemic:buffalo, CREATURE
totemic:bald_eagle, CREATURE
totemic:baykok, MONSTER
ecologics:coconut_crab, CREATURE
ecologics:camel, CREATURE
ecologics:penguin, CREATURE
ecologics:squirrel, CREATURE
decoration_delight:stool_entity, MONSTER
create_things_and_misc:balloon_blaze, MONSTER
eidolon:zombie_brute, MONSTER
eidolon:giant_skeleton, MONSTER
eidolon:wraith, MONSTER
eidolon:necromancer, MONSTER
eidolon:raven, CREATURE
eidolon:slimy_slug, CREATURE
naturalist:snail, CREATURE
naturalist:bear, CREATURE
naturalist:butterfly, CREATURE
naturalist:firefly, AMBIENT
naturalist:snake, CREATURE
naturalist:coral_snake, CREATURE
naturalist:rattlesnake, CREATURE
naturalist:deer, CREATURE
naturalist:bluejay, CREATURE
naturalist:canary, CREATURE
naturalist:cardinal, CREATURE
naturalist:robin, CREATURE
naturalist:caterpillar, CREATURE
naturalist:rhino, CREATURE
naturalist:lion, CREATURE
naturalist:elephant, CREATURE
naturalist:zebra, CREATURE
naturalist:giraffe, CREATURE
naturalist:hippo, CREATURE
naturalist:vulture, CREATURE
naturalist:boar, CREATURE
naturalist:dragonfly, AMBIENT
naturalist:catfish, WATER_AMBIENT
naturalist:alligator, CREATURE
naturalist:bass, WATER_AMBIENT
naturalist:lizard, CREATURE
naturalist:lizard_tail, CREATURE
naturalist:tortoise, CREATURE
naturalist:duck, CREATURE
takesapillage:archer, MONSTER
takesapillage:skirmisher, MONSTER
takesapillage:legioner, MONSTER
railways:conductor, CREATURE
dragonmounts:dragon, CREATURE
cnb:little_grebe, CREATURE
cnb:lizard, CREATURE
cnb:lilytad, CREATURE
cnb:sporeling, CREATURE
cnb:minipad, CREATURE
cnb:end_whale, CREATURE
cnb:cactem, CREATURE
cnb:yeti, CREATURE
cnb:cindershell, CREATURE
witherstormmod:wither_storm, MONSTER
witherstormmod:wither_storm_segment, MONSTER
witherstormmod:sickened_zombie, MONSTER
witherstormmod:sickened_skeleton, MONSTER
witherstormmod:sickened_spider, MONSTER
witherstormmod:sickened_creeper, MONSTER
witherstormmod:withered_symbiont, MONSTER
witherstormmod:wither_storm_head, MONSTER
witherstormmod:tentacle, MONSTER
enchantwithmob:enchanter, MONSTER
musketeer_illager:marksman, MONSTER
conjurer_illager:conjurer, MONSTER
environmental:slabfish, CREATURE
environmental:duck, CREATURE
environmental:deer, CREATURE
environmental:reindeer, CREATURE
environmental:yak, CREATURE
environmental:koi, WATER_AMBIENT
environmental:tapir, CREATURE
environmental:zebra, CREATURE
savage_and_ravage:skeleton_villager, MONSTER
savage_and_ravage:creepie, CREATURE
savage_and_ravage:griefer, MONSTER
savage_and_ravage:trickster, MONSTER
savage_and_ravage:iceologer, MONSTER
savage_and_ravage:executioner, MONSTER
caverns_and_chasms:deeper, MONSTER
caverns_and_chasms:peeper, MONSTER
caverns_and_chasms:mime, MONSTER
caverns_and_chasms:glare, AMBIENT
caverns_and_chasms:lost_goat, caverns_and_chasms:lost_goat
tconstruct:sky_slime, MONSTER
tconstruct:ender_slime, MONSTER
tconstruct:terracube, MONSTER
tradersindisguise:sickle_ambusher, MONSTER
tradersindisguise:bow_ambusher, MONSTER
quark:foxhound, CREATURE
quark:wraith, MONSTER
quark:crab, CREATURE
quark:forgotten, MONSTER
quark:shiba, CREATURE
quark:stoneling, CREATURE
quark:toretoise, CREATURE
supplementaries:red_merchant, CREATURE
hunterillager:hunterillager, MONSTER
crabbersdelight:crab, WATER_AMBIENT
minecraft:allay, CREATURE
minecraft:axolotl, AXOLOTLS
minecraft:bat, AMBIENT
minecraft:bee, CREATURE
minecraft:blaze, MONSTER
minecraft:cat, CREATURE
minecraft:cave_spider, MONSTER
minecraft:chicken, CREATURE
minecraft:cod, WATER_AMBIENT
minecraft:cow, CREATURE
minecraft:creeper, MONSTER
minecraft:dolphin, WATER_CREATURE
minecraft:donkey, CREATURE
minecraft:drowned, MONSTER
minecraft:elder_guardian, MONSTER
minecraft:ender_dragon, MONSTER
minecraft:enderman, MONSTER
minecraft:endermite, MONSTER
minecraft:evoker, MONSTER
minecraft:fox, CREATURE
minecraft:frog, CREATURE
minecraft:ghast, MONSTER
minecraft:giant, MONSTER
minecraft:glow_squid, UNDERGROUND_WATER_CREATURE
minecraft:goat, CREATURE
minecraft:guardian, MONSTER
minecraft:hoglin, MONSTER
minecraft:horse, CREATURE
minecraft:husk, MONSTER
minecraft:illusioner, MONSTER
minecraft:llama, CREATURE
minecraft:magma_cube, MONSTER
minecraft:mule, CREATURE
minecraft:mooshroom, CREATURE
minecraft:ocelot, CREATURE
minecraft:panda, CREATURE
minecraft:parrot, CREATURE
minecraft:phantom, MONSTER
minecraft:pig, CREATURE
minecraft:piglin, MONSTER
minecraft:piglin_brute, MONSTER
minecraft:pillager, MONSTER
minecraft:polar_bear, CREATURE
minecraft:pufferfish, WATER_AMBIENT
minecraft:rabbit, CREATURE
minecraft:ravager, MONSTER
minecraft:salmon, WATER_AMBIENT
minecraft:sheep, CREATURE
minecraft:shulker, MONSTER
minecraft:silverfish, MONSTER
minecraft:skeleton, MONSTER
minecraft:skeleton_horse, CREATURE
minecraft:slime, MONSTER
minecraft:spider, MONSTER
minecraft:squid, WATER_CREATURE
minecraft:stray, MONSTER
minecraft:strider, CREATURE
minecraft:tadpole, CREATURE
minecraft:trader_llama, CREATURE
minecraft:tropical_fish, WATER_AMBIENT
minecraft:turtle, CREATURE
minecraft:vex, MONSTER
minecraft:vindicator, MONSTER
minecraft:wandering_trader, CREATURE
minecraft:warden, MONSTER
minecraft:witch, MONSTER
minecraft:wither, MONSTER
minecraft:wither_skeleton, MONSTER
minecraft:wolf, CREATURE
minecraft:zoglin, MONSTER
minecraft:zombie, MONSTER
minecraft:zombie_horse, CREATURE
minecraft:zombie_villager, MONSTER
minecraft:zombified_piglin, MONSTER
hamsters:hamster, CREATURE
goety:obsidian_monolith, MONSTER
goety:totemic_wall, MONSTER
goety:totemic_bomb, MONSTER
goety:glacial_wall, MONSTER
goety:quick_growing_vine, MONSTER
goety:quick_growing_kelp, MONSTER
goety:poison_quill_vine, MONSTER
goety:poison_anemone, MONSTER
goety:insect_swarm, MONSTER
goety:apostle, MONSTER
goety:warlock, MONSTER
goety:wartling, MONSTER
goety:crone, MONSTER
goety:skeleton_villager_servant, MONSTER
goety:zpiglin_servant, MONSTER
goety:zpiglin_brute_servant, MONSTER
goety:malghast, MONSTER
goety:inferno, MONSTER
goety:damned, MONSTER
goety:vampire_bat, MONSTER
goety:wraith, MONSTER
goety:border_wraith, MONSTER
goety:crypt_slime, MONSTER
goety:bone_spider, MONSTER
goety:cairn_necromancer, MONSTER
goety:haunted_armor, MONSTER
goety:ally_vex, MONSTER
goety:ally_irk, MONSTER
goety:zombie_servant, MONSTER
goety:husk_servant, MONSTER
goety:drowned_servant, MONSTER
goety:frozen_zombie_servant, MONSTER
goety:jungle_zombie_servant, MONSTER
goety:skeleton_servant, MONSTER
goety:stray_servant, MONSTER
goety:wither_skeleton_servant, MONSTER
goety:mossy_skeleton_servant, MONSTER
goety:sunken_skeleton_servant, MONSTER
goety:necromancer_servant, MONSTER
goety:cairn_necromancer_servant, MONSTER
goety:vanguard_servant, MONSTER
goety:wraith_servant, MONSTER
goety:border_wraith_servant, MONSTER
goety:skeleton_pillager, MONSTER
goety:zombie_vindicator, MONSTER
goety:bound_evoker, MONSTER
goety:bound_iceologer, MONSTER
goety:haunted_armor_servant, MONSTER
goety:haunted_skull, MONSTER
goety:mini_ghast, MONSTER
goety:ghast_servant, MONSTER
goety:blaze_servant, MONSTER
goety:slime_servant, MONSTER
goety:magma_cube_servant, MONSTER
goety:crypt_slime_servant, MONSTER
goety:spider_servant, MONSTER
goety:cave_spider_servant, MONSTER
goety:web_spider_servant, MONSTER
goety:icy_spider_servant, MONSTER
goety:bone_spider_servant, MONSTER
goety:ravaged, MONSTER
goety:ravager, MONSTER
goety:armored_ravager, MONSTER
goety:zombie_ravager, MONSTER
goety:black_wolf, MONSTER
goety:bear_servant, MONSTER
goety:polar_bear_servant, MONSTER
goety:hoglin_servant, MONSTER
goety:whisperer, MONSTER
goety:wavewhisperer, MONSTER
goety:leapleaf, MONSTER
goety:ice_golem, MONSTER
goety:squall_golem, MONSTER
goety:redstone_golem, MONSTER
goety:grave_golem, MONSTER
goety:haunt, MONSTER
goety:redstone_monstrosity, MONSTER
goety:redstone_cube, MONSTER
goety:envioker, MONSTER
goety:tormentor, MONSTER
goety:inquillager, MONSTER
goety:conquillager, MONSTER
goety:piker, MONSTER
goety:ripper, MONSTER
goety:trampler, MONSTER
goety:crusher, MONSTER
goety:storm_caster, MONSTER
goety:cryologer, MONSTER
goety:preacher, MONSTER
goety:minister, MONSTER
goety:hostile_redstone_golem, MONSTER
goety:vizier, MONSTER
goety:vizier_clone, MONSTER
goety:irk, MONSTER
goety:skull_lord, MONSTER
goety:bone_lord, MONSTER
goety:wither_necromancer, MONSTER
bagus_lib:mini_bagu, CREATURE
unusualend:endstone_trapper, MONSTER
unusualend:undead_enderling, MONSTER
unusualend:ender_blob, MONSTER
unusualend:ender_firefly, MONSTER
unusualend:endstone_golem, MONSTER
unusualend:dragling, MONSTER
unusualend:bolok, MONSTER
unusualend:warpedislandplacer, MONSTER
botania:doppleganger, MONSTER
ghosts:ghost, CREATURE
ghosts:small_ghost, CREATURE
graveyard:skeleton_creeper, MONSTER
graveyard:acolyte, MONSTER
graveyard:reaper, MONSTER
graveyard:ghoul, MONSTER
graveyard:nightmare, MONSTER
graveyard:revenant, MONSTER
graveyard:falling_corpse, MONSTER
graveyard:lich, MONSTER
graveyard:wraith, MONSTER
graveyard:corrupted_pillager, MONSTER
graveyard:corrupted_vindicator, MONSTER
graveyard:ghouling, CREATURE
graveyard:nameless_hanged, CREATURE
totemic:buffalo, CREATURE
totemic:bald_eagle, CREATURE
totemic:baykok, MONSTER
ecologics:coconut_crab, CREATURE
ecologics:camel, CREATURE
ecologics:penguin, CREATURE
ecologics:squirrel, CREATURE
decoration_delight:stool_entity, MONSTER
create_things_and_misc:balloon_blaze, MONSTER
eidolon:zombie_brute, MONSTER
eidolon:giant_skeleton, MONSTER
eidolon:wraith, MONSTER
eidolon:necromancer, MONSTER
eidolon:raven, CREATURE
eidolon:slimy_slug, CREATURE
naturalist:snail, CREATURE
naturalist:bear, CREATURE
naturalist:butterfly, CREATURE
naturalist:firefly, AMBIENT
naturalist:snake, CREATURE
naturalist:coral_snake, CREATURE
naturalist:rattlesnake, CREATURE
naturalist:deer, CREATURE
naturalist:bluejay, CREATURE
naturalist:canary, CREATURE
naturalist:cardinal, CREATURE
naturalist:robin, CREATURE
naturalist:caterpillar, CREATURE
naturalist:rhino, CREATURE
naturalist:lion, CREATURE
naturalist:elephant, CREATURE
naturalist:zebra, CREATURE
naturalist:giraffe, CREATURE
naturalist:hippo, CREATURE
naturalist:vulture, CREATURE
naturalist:boar, CREATURE
naturalist:dragonfly, AMBIENT
naturalist:catfish, WATER_AMBIENT
naturalist:alligator, CREATURE
naturalist:bass, WATER_AMBIENT
naturalist:lizard, CREATURE
naturalist:lizard_tail, CREATURE
naturalist:tortoise, CREATURE
naturalist:duck, CREATURE
takesapillage:archer, MONSTER
takesapillage:skirmisher, MONSTER
takesapillage:legioner, MONSTER
railways:conductor, CREATURE
dragonmounts:dragon, CREATURE
cnb:little_grebe, CREATURE
cnb:lizard, CREATURE
cnb:lilytad, CREATURE
cnb:sporeling, CREATURE
cnb:minipad, CREATURE
cnb:end_whale, CREATURE
cnb:cactem, CREATURE
cnb:yeti, CREATURE
cnb:cindershell, CREATURE
witherstormmod:wither_storm, MONSTER
witherstormmod:wither_storm_segment, MONSTER
witherstormmod:sickened_zombie, MONSTER
witherstormmod:sickened_skeleton, MONSTER
witherstormmod:sickened_spider, MONSTER
witherstormmod:sickened_creeper, MONSTER
witherstormmod:withered_symbiont, MONSTER
witherstormmod:wither_storm_head, MONSTER
witherstormmod:tentacle, MONSTER
enchantwithmob:enchanter, MONSTER
musketeer_illager:marksman, MONSTER
conjurer_illager:conjurer, MONSTER
environmental:slabfish, CREATURE
environmental:duck, CREATURE
environmental:deer, CREATURE
environmental:reindeer, CREATURE
environmental:yak, CREATURE
environmental:koi, WATER_AMBIENT
environmental:tapir, CREATURE
environmental:zebra, CREATURE
savage_and_ravage:skeleton_villager, MONSTER
savage_and_ravage:creepie, CREATURE
savage_and_ravage:griefer, MONSTER
savage_and_ravage:trickster, MONSTER
savage_and_ravage:iceologer, MONSTER
savage_and_ravage:executioner, MONSTER
caverns_and_chasms:deeper, MONSTER
caverns_and_chasms:peeper, MONSTER
caverns_and_chasms:mime, MONSTER
caverns_and_chasms:glare, AMBIENT
caverns_and_chasms:lost_goat, caverns_and_chasms:lost_goat
tconstruct:sky_slime, MONSTER
tconstruct:ender_slime, MONSTER
tconstruct:terracube, MONSTER
tradersindisguise:sickle_ambusher, MONSTER
tradersindisguise:bow_ambusher, MONSTER
quark:foxhound, CREATURE
quark:wraith, MONSTER
quark:crab, CREATURE
quark:forgotten, MONSTER
quark:shiba, CREATURE
quark:stoneling, CREATURE
quark:toretoise, CREATURE
supplementaries:red_merchant, CREATURE
hunterillager:hunterillager, MONSTER
crabbersdelight:crab, WATER_AMBIENT
minecraft:allay, CREATURE
minecraft:axolotl, AXOLOTLS
minecraft:bat, AMBIENT
minecraft:bee, CREATURE
minecraft:blaze, MONSTER
minecraft:cat, CREATURE
minecraft:cave_spider, MONSTER
minecraft:chicken, CREATURE
minecraft:cod, WATER_AMBIENT
minecraft:cow, CREATURE
minecraft:creeper, MONSTER
minecraft:dolphin, WATER_CREATURE
minecraft:donkey, CREATURE
minecraft:drowned, MONSTER
minecraft:elder_guardian, MONSTER
minecraft:ender_dragon, MONSTER
minecraft:enderman, MONSTER
minecraft:endermite, MONSTER
minecraft:evoker, MONSTER
minecraft:fox, CREATURE
minecraft:frog, CREATURE
minecraft:ghast, MONSTER
minecraft:giant, MONSTER
minecraft:glow_squid, UNDERGROUND_WATER_CREATURE
minecraft:goat, CREATURE
minecraft:guardian, MONSTER
minecraft:hoglin, MONSTER
minecraft:horse, CREATURE
minecraft:husk, MONSTER
minecraft:illusioner, MONSTER
minecraft:llama, CREATURE
minecraft:magma_cube, MONSTER
minecraft:mule, CREATURE
minecraft:mooshroom, CREATURE
minecraft:ocelot, CREATURE
minecraft:panda, CREATURE
minecraft:parrot, CREATURE
minecraft:phantom, MONSTER
minecraft:pig, CREATURE
minecraft:piglin, MONSTER
minecraft:piglin_brute, MONSTER
minecraft:pillager, MONSTER
minecraft:polar_bear, CREATURE
minecraft:pufferfish, WATER_AMBIENT
minecraft:rabbit, CREATURE
minecraft:ravager, MONSTER
minecraft:salmon, WATER_AMBIENT
minecraft:sheep, CREATURE
minecraft:shulker, MONSTER
minecraft:silverfish, MONSTER
minecraft:skeleton, MONSTER
minecraft:skeleton_horse, CREATURE
minecraft:slime, MONSTER
minecraft:spider, MONSTER
minecraft:squid, WATER_CREATURE
minecraft:stray, MONSTER
minecraft:strider, CREATURE
minecraft:tadpole, CREATURE
minecraft:trader_llama, CREATURE
minecraft:tropical_fish, WATER_AMBIENT
minecraft:turtle, CREATURE
minecraft:vex, MONSTER
minecraft:vindicator, MONSTER
minecraft:wandering_trader, CREATURE
minecraft:warden, MONSTER
minecraft:witch, MONSTER
minecraft:wither, MONSTER
minecraft:wither_skeleton, MONSTER
minecraft:wolf, CREATURE
minecraft:zoglin, MONSTER
minecraft:zombie, MONSTER
minecraft:zombie_horse, CREATURE
minecraft:zombie_villager, MONSTER
minecraft:zombified_piglin, MONSTER
hamsters:hamster, CREATURE
goety:obsidian_monolith, MONSTER
goety:totemic_wall, MONSTER
goety:totemic_bomb, MONSTER
goety:glacial_wall, MONSTER
goety:quick_growing_vine, MONSTER
goety:quick_growing_kelp, MONSTER
goety:poison_quill_vine, MONSTER
goety:poison_anemone, MONSTER
goety:insect_swarm, MONSTER
goety:apostle, MONSTER
goety:warlock, MONSTER
goety:wartling, MONSTER
goety:crone, MONSTER
goety:skeleton_villager_servant, MONSTER
goety:zpiglin_servant, MONSTER
goety:zpiglin_brute_servant, MONSTER
goety:malghast, MONSTER
goety:inferno, MONSTER
goety:damned, MONSTER
goety:vampire_bat, MONSTER
goety:wraith, MONSTER
goety:border_wraith, MONSTER
goety:crypt_slime, MONSTER
goety:bone_spider, MONSTER
goety:cairn_necromancer, MONSTER
goety:haunted_armor, MONSTER
goety:ally_vex, MONSTER
goety:ally_irk, MONSTER
goety:zombie_servant, MONSTER
goety:husk_servant, MONSTER
goety:drowned_servant, MONSTER
goety:frozen_zombie_servant, MONSTER
goety:jungle_zombie_servant, MONSTER
goety:skeleton_servant, MONSTER
goety:stray_servant, MONSTER
goety:wither_skeleton_servant, MONSTER
goety:mossy_skeleton_servant, MONSTER
goety:sunken_skeleton_servant, MONSTER
goety:necromancer_servant, MONSTER
goety:cairn_necromancer_servant, MONSTER
goety:vanguard_servant, MONSTER
goety:wraith_servant, MONSTER
goety:border_wraith_servant, MONSTER
goety:skeleton_pillager, MONSTER
goety:zombie_vindicator, MONSTER
goety:bound_evoker, MONSTER
goety:bound_iceologer, MONSTER
goety:haunted_armor_servant, MONSTER
goety:haunted_skull, MONSTER
goety:mini_ghast, MONSTER
goety:ghast_servant, MONSTER
goety:blaze_servant, MONSTER
goety:slime_servant, MONSTER
goety:magma_cube_servant, MONSTER
goety:crypt_slime_servant, MONSTER
goety:spider_servant, MONSTER
goety:cave_spider_servant, MONSTER
goety:web_spider_servant, MONSTER
goety:icy_spider_servant, MONSTER
goety:bone_spider_servant, MONSTER
goety:ravaged, MONSTER
goety:ravager, MONSTER
goety:armored_ravager, MONSTER
goety:zombie_ravager, MONSTER
goety:black_wolf, MONSTER
goety:bear_servant, MONSTER
goety:polar_bear_servant, MONSTER
goety:hoglin_servant, MONSTER
goety:whisperer, MONSTER
goety:wavewhisperer, MONSTER
goety:leapleaf, MONSTER
goety:ice_golem, MONSTER
goety:squall_golem, MONSTER
goety:redstone_golem, MONSTER
goety:grave_golem, MONSTER
goety:haunt, MONSTER
goety:redstone_monstrosity, MONSTER
goety:redstone_cube, MONSTER
goety:envioker, MONSTER
goety:tormentor, MONSTER
goety:inquillager, MONSTER
goety:conquillager, MONSTER
goety:piker, MONSTER
goety:ripper, MONSTER
goety:trampler, MONSTER
goety:crusher, MONSTER
goety:storm_caster, MONSTER
goety:cryologer, MONSTER
goety:preacher, MONSTER
goety:minister, MONSTER
goety:hostile_redstone_golem, MONSTER
goety:vizier, MONSTER
goety:vizier_clone, MONSTER
goety:irk, MONSTER
goety:skull_lord, MONSTER
goety:bone_lord, MONSTER
goety:wither_necromancer, MONSTER
bagus_lib:mini_bagu, CREATURE
unusualend:endstone_trapper, MONSTER
unusualend:undead_enderling, MONSTER
unusualend:ender_blob, MONSTER
unusualend:ender_firefly, MONSTER
unusualend:endstone_golem, MONSTER
unusualend:dragling, MONSTER
unusualend:bolok, MONSTER
unusualend:warpedislandplacer, MONSTER
botania:doppleganger, MONSTER
ghosts:ghost, CREATURE
ghosts:small_ghost, CREATURE
graveyard:skeleton_creeper, MONSTER
graveyard:acolyte, MONSTER
graveyard:reaper, MONSTER
graveyard:ghoul, MONSTER
graveyard:nightmare, MONSTER
graveyard:revenant, MONSTER
graveyard:falling_corpse, MONSTER
graveyard:lich, MONSTER
graveyard:wraith, MONSTER
graveyard:corrupted_pillager, MONSTER
graveyard:corrupted_vindicator, MONSTER
graveyard:ghouling, CREATURE
graveyard:nameless_hanged, CREATURE
totemic:buffalo, CREATURE
totemic:bald_eagle, CREATURE
totemic:baykok, MONSTER
ecologics:coconut_crab, CREATURE
ecologics:camel, CREATURE
ecologics:penguin, CREATURE
ecologics:squirrel, CREATURE
decoration_delight:stool_entity, MONSTER
create_things_and_misc:balloon_blaze, MONSTER
eidolon:zombie_brute, MONSTER
eidolon:giant_skeleton, MONSTER
eidolon:wraith, MONSTER
eidolon:necromancer, MONSTER
eidolon:raven, CREATURE
eidolon:slimy_slug, CREATURE
naturalist:snail, CREATURE
naturalist:bear, CREATURE
naturalist:butterfly, CREATURE
naturalist:firefly, AMBIENT
naturalist:snake, CREATURE
naturalist:coral_snake, CREATURE
naturalist:rattlesnake, CREATURE
naturalist:deer, CREATURE
naturalist:bluejay, CREATURE
naturalist:canary, CREATURE
naturalist:cardinal, CREATURE
naturalist:robin, CREATURE
naturalist:caterpillar, CREATURE
naturalist:rhino, CREATURE
naturalist:lion, CREATURE
naturalist:elephant, CREATURE
naturalist:zebra, CREATURE
naturalist:giraffe, CREATURE
naturalist:hippo, CREATURE
naturalist:vulture, CREATURE
naturalist:boar, CREATURE
naturalist:dragonfly, AMBIENT
naturalist:catfish, WATER_AMBIENT
naturalist:alligator, CREATURE
naturalist:bass, WATER_AMBIENT
naturalist:lizard, CREATURE
naturalist:lizard_tail, CREATURE
naturalist:tortoise, CREATURE
naturalist:duck, CREATURE
takesapillage:archer, MONSTER
takesapillage:skirmisher, MONSTER
takesapillage:legioner, MONSTER
railways:conductor, CREATURE
dragonmounts:dragon, CREATURE
cnb:little_grebe, CREATURE
cnb:lizard, CREATURE
cnb:lilytad, CREATURE
cnb:sporeling, CREATURE
cnb:minipad, CREATURE
cnb:end_whale, CREATURE
cnb:cactem, CREATURE
cnb:yeti, CREATURE
cnb:cindershell, CREATURE
witherstormmod:wither_storm, MONSTER
witherstormmod:wither_storm_segment, MONSTER
witherstormmod:sickened_zombie, MONSTER
witherstormmod:sickened_skeleton, MONSTER
witherstormmod:sickened_spider, MONSTER
witherstormmod:sickened_creeper, MONSTER
witherstormmod:withered_symbiont, MONSTER
witherstormmod:wither_storm_head, MONSTER
witherstormmod:tentacle, MONSTER
enchantwithmob:enchanter, MONSTER
musketeer_illager:marksman, MONSTER
conjurer_illager:conjurer, MONSTER
environmental:slabfish, CREATURE
environmental:duck, CREATURE
environmental:deer, CREATURE
environmental:reindeer, CREATURE
environmental:yak, CREATURE
environmental:koi, WATER_AMBIENT
environmental:tapir, CREATURE
environmental:zebra, CREATURE
savage_and_ravage:skeleton_villager, MONSTER
savage_and_ravage:creepie, CREATURE
savage_and_ravage:griefer, MONSTER
savage_and_ravage:trickster, MONSTER
savage_and_ravage:iceologer, MONSTER
savage_and_ravage:executioner, MONSTER
caverns_and_chasms:deeper, MONSTER
caverns_and_chasms:peeper, MONSTER
caverns_and_chasms:mime, MONSTER
caverns_and_chasms:glare, AMBIENT
caverns_and_chasms:lost_goat, caverns_and_chasms:lost_goat
tconstruct:sky_slime, MONSTER
tconstruct:ender_slime, MONSTER
tconstruct:terracube, MONSTER
tradersindisguise:sickle_ambusher, MONSTER
tradersindisguise:bow_ambusher, MONSTER
quark:foxhound, CREATURE
quark:wraith, MONSTER
quark:crab, CREATURE
quark:forgotten, MONSTER
quark:shiba, CREATURE
quark:stoneling, CREATURE
quark:toretoise, CREATURE
supplementaries:red_merchant, CREATURE
hunterillager:hunterillager, MONSTER
crabbersdelight:crab, WATER_AMBIENT
minecraft:allay, CREATURE
minecraft:axolotl, AXOLOTLS
minecraft:bat, AMBIENT
minecraft:bee, CREATURE
minecraft:blaze, MONSTER
minecraft:cat, CREATURE
minecraft:cave_spider, MONSTER
minecraft:chicken, CREATURE
minecraft:cod, WATER_AMBIENT
minecraft:cow, CREATURE
minecraft:creeper, MONSTER
minecraft:dolphin, WATER_CREATURE
minecraft:donkey, CREATURE
minecraft:drowned, MONSTER
minecraft:elder_guardian, MONSTER
minecraft:ender_dragon, MONSTER
minecraft:enderman, MONSTER
minecraft:endermite, MONSTER
minecraft:evoker, MONSTER
minecraft:fox, CREATURE
minecraft:frog, CREATURE
minecraft:ghast, MONSTER
minecraft:giant, MONSTER
minecraft:glow_squid, UNDERGROUND_WATER_CREATURE
minecraft:goat, CREATURE
minecraft:guardian, MONSTER
minecraft:hoglin, MONSTER
minecraft:horse, CREATURE
minecraft:husk, MONSTER
minecraft:illusioner, MONSTER
minecraft:llama, CREATURE
minecraft:magma_cube, MONSTER
minecraft:mule, CREATURE
minecraft:mooshroom, CREATURE
minecraft:ocelot, CREATURE
minecraft:panda, CREATURE
minecraft:parrot, CREATURE
minecraft:phantom, MONSTER
minecraft:pig, CREATURE
minecraft:piglin, MONSTER
minecraft:piglin_brute, MONSTER
minecraft:pillager, MONSTER
minecraft:polar_bear, CREATURE
minecraft:pufferfish, WATER_AMBIENT
minecraft:rabbit, CREATURE
minecraft:ravager, MONSTER
minecraft:salmon, WATER_AMBIENT
minecraft:sheep, CREATURE
minecraft:shulker, MONSTER
minecraft:silverfish, MONSTER
minecraft:skeleton, MONSTER
minecraft:skeleton_horse, CREATURE
minecraft:slime, MONSTER
minecraft:spider, MONSTER
minecraft:squid, WATER_CREATURE
minecraft:stray, MONSTER
minecraft:strider, CREATURE
minecraft:tadpole, CREATURE
minecraft:trader_llama, CREATURE
minecraft:tropical_fish, WATER_AMBIENT
minecraft:turtle, CREATURE
minecraft:vex, MONSTER
minecraft:vindicator, MONSTER
minecraft:wandering_trader, CREATURE
minecraft:warden, MONSTER
minecraft:witch, MONSTER
minecraft:wither, MONSTER
minecraft:wither_skeleton, MONSTER
minecraft:wolf, CREATURE
minecraft:zoglin, MONSTER
minecraft:zombie, MONSTER
minecraft:zombie_horse, CREATURE
minecraft:zombie_villager, MONSTER
minecraft:zombified_piglin, MONSTER
hamsters:hamster, CREATURE
goety:obsidian_monolith, MONSTER
goety:totemic_wall, MONSTER
goety:totemic_bomb, MONSTER
goety:glacial_wall, MONSTER
goety:quick_growing_vine, MONSTER
goety:quick_growing_kelp, MONSTER
goety:poison_quill_vine, MONSTER
goety:poison_anemone, MONSTER
goety:insect_swarm, MONSTER
goety:apostle, MONSTER
goety:warlock, MONSTER
goety:wartling, MONSTER
goety:crone, MONSTER
goety:skeleton_villager_servant, MONSTER
goety:zpiglin_servant, MONSTER
goety:zpiglin_brute_servant, MONSTER
goety:malghast, MONSTER
goety:inferno, MONSTER
goety:damned, MONSTER
goety:vampire_bat, MONSTER
goety:wraith, MONSTER
goety:border_wraith, MONSTER
goety:crypt_slime, MONSTER
goety:bone_spider, MONSTER
goety:cairn_necromancer, MONSTER
goety:haunted_armor, MONSTER
goety:ally_vex, MONSTER
goety:ally_irk, MONSTER
goety:zombie_servant, MONSTER
goety:husk_servant, MONSTER
goety:drowned_servant, MONSTER
goety:frozen_zombie_servant, MONSTER
goety:jungle_zombie_servant, MONSTER
goety:skeleton_servant, MONSTER
goety:stray_servant, MONSTER
goety:wither_skeleton_servant, MONSTER
goety:mossy_skeleton_servant, MONSTER
goety:sunken_skeleton_servant, MONSTER
goety:necromancer_servant, MONSTER
goety:cairn_necromancer_servant, MONSTER
goety:vanguard_servant, MONSTER
goety:wraith_servant, MONSTER
goety:border_wraith_servant, MONSTER
goety:skeleton_pillager, MONSTER
goety:zombie_vindicator, MONSTER
goety:bound_evoker, MONSTER
goety:bound_iceologer, MONSTER
goety:haunted_armor_servant, MONSTER
goety:haunted_skull, MONSTER
goety:mini_ghast, MONSTER
goety:ghast_servant, MONSTER
goety:blaze_servant, MONSTER
goety:slime_servant, MONSTER
goety:magma_cube_servant, MONSTER
goety:crypt_slime_servant, MONSTER
goety:spider_servant, MONSTER
goety:cave_spider_servant, MONSTER
goety:web_spider_servant, MONSTER
goety:icy_spider_servant, MONSTER
goety:bone_spider_servant, MONSTER
goety:ravaged, MONSTER
goety:ravager, MONSTER
goety:armored_ravager, MONSTER
goety:zombie_ravager, MONSTER
goety:black_wolf, MONSTER
goety:bear_servant, MONSTER
goety:polar_bear_servant, MONSTER
goety:hoglin_servant, MONSTER
goety:whisperer, MONSTER
goety:wavewhisperer, MONSTER
goety:leapleaf, MONSTER
goety:ice_golem, MONSTER
goety:squall_golem, MONSTER
goety:redstone_golem, MONSTER
goety:grave_golem, MONSTER
goety:haunt, MONSTER
goety:redstone_monstrosity, MONSTER
goety:redstone_cube, MONSTER
goety:envioker, MONSTER
goety:tormentor, MONSTER
goety:inquillager, MONSTER
goety:conquillager, MONSTER
goety:piker, MONSTER
goety:ripper, MONSTER
goety:trampler, MONSTER
goety:crusher, MONSTER
goety:storm_caster, MONSTER
goety:cryologer, MONSTER
goety:preacher, MONSTER
goety:minister, MONSTER
goety:hostile_redstone_golem, MONSTER
goety:vizier, MONSTER
goety:vizier_clone, MONSTER
goety:irk, MONSTER
goety:skull_lord, MONSTER
goety:bone_lord, MONSTER
goety:wither_necromancer, MONSTER
bagus_lib:mini_bagu, CREATURE
unusualend:endstone_trapper, MONSTER
unusualend:undead_enderling, MONSTER
unusualend:ender_blob, MONSTER
unusualend:ender_firefly, MONSTER
unusualend:endstone_golem, MONSTER
unusualend:dragling, MONSTER
unusualend:bolok, MONSTER
unusualend:warpedislandplacer, MONSTER
botania:doppleganger, MONSTER
ghosts:ghost, CREATURE
ghosts:small_ghost, CREATURE
graveyard:skeleton_creeper, MONSTER
graveyard:acolyte, MONSTER
graveyard:reaper, MONSTER
graveyard:ghoul, MONSTER
graveyard:nightmare, MONSTER
graveyard:revenant, MONSTER
graveyard:falling_corpse, MONSTER
graveyard:lich, MONSTER
graveyard:wraith, MONSTER
graveyard:corrupted_pillager, MONSTER
graveyard:corrupted_vindicator, MONSTER
graveyard:ghouling, CREATURE
graveyard:nameless_hanged, CREATURE
totemic:buffalo, CREATURE
totemic:bald_eagle, CREATURE
totemic:baykok, MONSTER
ecologics:coconut_crab, CREATURE
ecologics:camel, CREATURE
ecologics:penguin, CREATURE
ecologics:squirrel, CREATURE
decoration_delight:stool_entity, MONSTER
create_things_and_misc:balloon_blaze, MONSTER
eidolon:zombie_brute, MONSTER
eidolon:giant_skeleton, MONSTER
eidolon:wraith, MONSTER
eidolon:necromancer, MONSTER
eidolon:raven, CREATURE
eidolon:slimy_slug, CREATURE
naturalist:snail, CREATURE
naturalist:bear, CREATURE
naturalist:butterfly, CREATURE
naturalist:firefly, AMBIENT
naturalist:snake, CREATURE
naturalist:coral_snake, CREATURE
naturalist:rattlesnake, CREATURE
naturalist:deer, CREATURE
naturalist:bluejay, CREATURE
naturalist:canary, CREATURE
naturalist:cardinal, CREATURE
naturalist:robin, CREATURE
naturalist:caterpillar, CREATURE
naturalist:rhino, CREATURE
naturalist:lion, CREATURE
naturalist:elephant, CREATURE
naturalist:zebra, CREATURE
naturalist:giraffe, CREATURE
naturalist:hippo, CREATURE
naturalist:vulture, CREATURE
naturalist:boar, CREATURE
naturalist:dragonfly, AMBIENT
naturalist:catfish, WATER_AMBIENT
naturalist:alligator, CREATURE
naturalist:bass, WATER_AMBIENT
naturalist:lizard, CREATURE
naturalist:lizard_tail, CREATURE
naturalist:tortoise, CREATURE
naturalist:duck, CREATURE
takesapillage:archer, MONSTER
takesapillage:skirmisher, MONSTER
takesapillage:legioner, MONSTER
railways:conductor, CREATURE
dragonmounts:dragon, CREATURE
cnb:little_grebe, CREATURE
cnb:lizard, CREATURE
cnb:lilytad, CREATURE
cnb:sporeling, CREATURE
cnb:minipad, CREATURE
cnb:end_whale, CREATURE
cnb:cactem, CREATURE
cnb:yeti, CREATURE
cnb:cindershell, CREATURE
witherstormmod:wither_storm, MONSTER
witherstormmod:wither_storm_segment, MONSTER
witherstormmod:sickened_zombie, MONSTER
witherstormmod:sickened_skeleton, MONSTER
witherstormmod:sickened_spider, MONSTER
witherstormmod:sickened_creeper, MONSTER
witherstormmod:withered_symbiont, MONSTER
witherstormmod:wither_storm_head, MONSTER
witherstormmod:tentacle, MONSTER
enchantwithmob:enchanter, MONSTER
musketeer_illager:marksman, MONSTER
conjurer_illager:conjurer, MONSTER
environmental:slabfish, CREATURE
environmental:duck, CREATURE
environmental:deer, CREATURE
environmental:reindeer, CREATURE
environmental:yak, CREATURE
environmental:koi, WATER_AMBIENT
environmental:tapir, CREATURE
environmental:zebra, CREATURE
savage_and_ravage:skeleton_villager, MONSTER
savage_and_ravage:creepie, CREATURE
savage_and_ravage:griefer, MONSTER
savage_and_ravage:trickster, MONSTER
savage_and_ravage:iceologer, MONSTER
savage_and_ravage:executioner, MONSTER
caverns_and_chasms:deeper, MONSTER
caverns_and_chasms:peeper, MONSTER
caverns_and_chasms:mime, MONSTER
caverns_and_chasms:glare, AMBIENT
caverns_and_chasms:lost_goat, caverns_and_chasms:lost_goat
tconstruct:sky_slime, MONSTER
tconstruct:ender_slime, MONSTER
tconstruct:terracube, MONSTER
tradersindisguise:sickle_ambusher, MONSTER
tradersindisguise:bow_ambusher, MONSTER
quark:foxhound, CREATURE
quark:wraith, MONSTER
quark:crab, CREATURE
quark:forgotten, MONSTER
quark:shiba, CREATURE
quark:stoneling, CREATURE
quark:toretoise, CREATURE
supplementaries:red_merchant, CREATURE
hunterillager:hunterillager, MONSTER
crabbersdelight:crab, WATER_AMBIENT
minecraft:allay, CREATURE
minecraft:axolotl, AXOLOTLS
minecraft:bat, AMBIENT
minecraft:bee, CREATURE
minecraft:blaze, MONSTER
minecraft:cat, CREATURE
minecraft:cave_spider, MONSTER
minecraft:chicken, CREATURE
minecraft:cod, WATER_AMBIENT
minecraft:cow, CREATURE
minecraft:creeper, MONSTER
minecraft:dolphin, WATER_CREATURE
minecraft:donkey, CREATURE
minecraft:drowned, MONSTER
minecraft:elder_guardian, MONSTER
minecraft:ender_dragon, MONSTER
minecraft:enderman, MONSTER
minecraft:endermite, MONSTER
minecraft:evoker, MONSTER
minecraft:fox, CREATURE
minecraft:frog, CREATURE
minecraft:ghast, MONSTER
minecraft:giant, MONSTER
minecraft:glow_squid, UNDERGROUND_WATER_CREATURE
minecraft:goat, CREATURE
minecraft:guardian, MONSTER
minecraft:hoglin, MONSTER
minecraft:horse, CREATURE
minecraft:husk, MONSTER
minecraft:illusioner, MONSTER
minecraft:llama, CREATURE
minecraft:magma_cube, MONSTER
minecraft:mule, CREATURE
minecraft:mooshroom, CREATURE
minecraft:ocelot, CREATURE
minecraft:panda, CREATURE
minecraft:parrot, CREATURE
minecraft:phantom, MONSTER
minecraft:pig, CREATURE
minecraft:piglin, MONSTER
minecraft:piglin_brute, MONSTER
minecraft:pillager, MONSTER
minecraft:polar_bear, CREATURE
minecraft:pufferfish, WATER_AMBIENT
minecraft:rabbit, CREATURE
minecraft:ravager, MONSTER
minecraft:salmon, WATER_AMBIENT
minecraft:sheep, CREATURE
minecraft:shulker, MONSTER
minecraft:silverfish, MONSTER
minecraft:skeleton, MONSTER
minecraft:skeleton_horse, CREATURE
minecraft:slime, MONSTER
minecraft:spider, MONSTER
minecraft:squid, WATER_CREATURE
minecraft:stray, MONSTER
minecraft:strider, CREATURE
minecraft:tadpole, CREATURE
minecraft:trader_llama, CREATURE
minecraft:tropical_fish, WATER_AMBIENT
minecraft:turtle, CREATURE
minecraft:vex, MONSTER
minecraft:vindicator, MONSTER
minecraft:wandering_trader, CREATURE
minecraft:warden, MONSTER
minecraft:witch, MONSTER
minecraft:wither, MONSTER
minecraft:wither_skeleton, MONSTER
minecraft:wolf, CREATURE
minecraft:zoglin, MONSTER
minecraft:zombie, MONSTER
minecraft:zombie_horse, CREATURE
minecraft:zombie_villager, MONSTER
minecraft:zombified_piglin, MONSTER
hamsters:hamster, CREATURE
goety:obsidian_monolith, MONSTER
goety:totemic_wall, MONSTER
goety:totemic_bomb, MONSTER
goety:glacial_wall, MONSTER
goety:quick_growing_vine, MONSTER
goety:quick_growing_kelp, MONSTER
goety:poison_quill_vine, MONSTER
goety:poison_anemone, MONSTER
goety:insect_swarm, MONSTER
goety:apostle, MONSTER
goety:warlock, MONSTER
goety:wartling, MONSTER
goety:crone, MONSTER
goety:skeleton_villager_servant, MONSTER
goety:zpiglin_servant, MONSTER
goety:zpiglin_brute_servant, MONSTER
goety:malghast, MONSTER
goety:inferno, MONSTER
goety:damned, MONSTER
goety:vampire_bat, MONSTER
goety:wraith, MONSTER
goety:border_wraith, MONSTER
goety:crypt_slime, MONSTER
goety:bone_spider, MONSTER
goety:cairn_necromancer, MONSTER
goety:haunted_armor, MONSTER
goety:ally_vex, MONSTER
goety:ally_irk, MONSTER
goety:zombie_servant, MONSTER
goety:husk_servant, MONSTER
goety:drowned_servant, MONSTER
goety:frozen_zombie_servant, MONSTER
goety:jungle_zombie_servant, MONSTER
goety:skeleton_servant, MONSTER
goety:stray_servant, MONSTER
goety:wither_skeleton_servant, MONSTER
goety:mossy_skeleton_servant, MONSTER
goety:sunken_skeleton_servant, MONSTER
goety:necromancer_servant, MONSTER
goety:cairn_necromancer_servant, MONSTER
goety:vanguard_servant, MONSTER
goety:wraith_servant, MONSTER
goety:border_wraith_servant, MONSTER
goety:skeleton_pillager, MONSTER
goety:zombie_vindicator, MONSTER
goety:bound_evoker, MONSTER
goety:bound_iceologer, MONSTER
goety:haunted_armor_servant, MONSTER
goety:haunted_skull, MONSTER
goety:mini_ghast, MONSTER
goety:ghast_servant, MONSTER
goety:blaze_servant, MONSTER
goety:slime_servant, MONSTER
goety:magma_cube_servant, MONSTER
goety:crypt_slime_servant, MONSTER
goety:spider_servant, MONSTER
goety:cave_spider_servant, MONSTER
goety:web_spider_servant, MONSTER
goety:icy_spider_servant, MONSTER
goety:bone_spider_servant, MONSTER
goety:ravaged, MONSTER
goety:ravager, MONSTER
goety:armored_ravager, MONSTER
goety:zombie_ravager, MONSTER
goety:black_wolf, MONSTER
goety:bear_servant, MONSTER
goety:polar_bear_servant, MONSTER
goety:hoglin_servant, MONSTER
goety:whisperer, MONSTER
goety:wavewhisperer, MONSTER
goety:leapleaf, MONSTER
goety:ice_golem, MONSTER
goety:squall_golem, MONSTER
goety:redstone_golem, MONSTER
goety:grave_golem, MONSTER
goety:haunt, MONSTER
goety:redstone_monstrosity, MONSTER
goety:redstone_cube, MONSTER
goety:envioker, MONSTER
goety:tormentor, MONSTER
goety:inquillager, MONSTER
goety:conquillager, MONSTER
goety:piker, MONSTER
goety:ripper, MONSTER
goety:trampler, MONSTER
goety:crusher, MONSTER
goety:storm_caster, MONSTER
goety:cryologer, MONSTER
goety:preacher, MONSTER
goety:minister, MONSTER
goety:hostile_redstone_golem, MONSTER
goety:vizier, MONSTER
goety:vizier_clone, MONSTER
goety:irk, MONSTER
goety:skull_lord, MONSTER
goety:bone_lord, MONSTER
goety:wither_necromancer, MONSTER
bagus_lib:mini_bagu, CREATURE
unusualend:endstone_trapper, MONSTER
unusualend:undead_enderling, MONSTER
unusualend:ender_blob, MONSTER
unusualend:ender_firefly, MONSTER
unusualend:endstone_golem, MONSTER
unusualend:dragling, MONSTER
unusualend:bolok, MONSTER
unusualend:warpedislandplacer, MONSTER
botania:doppleganger, MONSTER
ghosts:ghost, CREATURE
ghosts:small_ghost, CREATURE
graveyard:skeleton_creeper, MONSTER
graveyard:acolyte, MONSTER
graveyard:reaper, MONSTER
graveyard:ghoul, MONSTER
graveyard:nightmare, MONSTER
graveyard:revenant, MONSTER
graveyard:falling_corpse, MONSTER
graveyard:lich, MONSTER
graveyard:wraith, MONSTER
graveyard:corrupted_pillager, MONSTER
graveyard:corrupted_vindicator, MONSTER
graveyard:ghouling, CREATURE
graveyard:nameless_hanged, CREATURE
totemic:buffalo, CREATURE
totemic:bald_eagle, CREATURE
totemic:baykok, MONSTER
ecologics:coconut_crab, CREATURE
ecologics:camel, CREATURE
ecologics:penguin, CREATURE
ecologics:squirrel, CREATURE
decoration_delight:stool_entity, MONSTER
create_things_and_misc:balloon_blaze, MONSTER
eidolon:zombie_brute, MONSTER
eidolon:giant_skeleton, MONSTER
eidolon:wraith, MONSTER
eidolon:necromancer, MONSTER
eidolon:raven, CREATURE
eidolon:slimy_slug, CREATURE
naturalist:snail, CREATURE
naturalist:bear, CREATURE
naturalist:butterfly, CREATURE
naturalist:firefly, AMBIENT
naturalist:snake, CREATURE
naturalist:coral_snake, CREATURE
naturalist:rattlesnake, CREATURE
naturalist:deer, CREATURE
naturalist:bluejay, CREATURE
naturalist:canary, CREATURE
naturalist:cardinal, CREATURE
naturalist:robin, CREATURE
naturalist:caterpillar, CREATURE
naturalist:rhino, CREATURE
naturalist:lion, CREATURE
naturalist:elephant, CREATURE
naturalist:zebra, CREATURE
naturalist:giraffe, CREATURE
naturalist:hippo, CREATURE
naturalist:vulture, CREATURE
naturalist:boar, CREATURE
naturalist:dragonfly, AMBIENT
naturalist:catfish, WATER_AMBIENT
naturalist:alligator, CREATURE
naturalist:bass, WATER_AMBIENT
naturalist:lizard, CREATURE
naturalist:lizard_tail, CREATURE
naturalist:tortoise, CREATURE
naturalist:duck, CREATURE
takesapillage:archer, MONSTER
takesapillage:skirmisher, MONSTER
takesapillage:legioner, MONSTER
railways:conductor, CREATURE
dragonmounts:dragon, CREATURE
cnb:little_grebe, CREATURE
cnb:lizard, CREATURE
cnb:lilytad, CREATURE
cnb:sporeling, CREATURE
cnb:minipad, CREATURE
cnb:end_whale, CREATURE
cnb:cactem, CREATURE
cnb:yeti, CREATURE
cnb:cindershell, CREATURE
witherstormmod:wither_storm, MONSTER
witherstormmod:wither_storm_segment, MONSTER
witherstormmod:sickened_zombie, MONSTER
witherstormmod:sickened_skeleton, MONSTER
witherstormmod:sickened_spider, MONSTER
witherstormmod:sickened_creeper, MONSTER
witherstormmod:withered_symbiont, MONSTER
witherstormmod:wither_storm_head, MONSTER
witherstormmod:tentacle, MONSTER
enchantwithmob:enchanter, MONSTER
musketeer_illager:marksman, MONSTER
conjurer_illager:conjurer, MONSTER
environmental:slabfish, CREATURE
environmental:duck, CREATURE
environmental:deer, CREATURE
environmental:reindeer, CREATURE
environmental:yak, CREATURE
environmental:koi, WATER_AMBIENT
environmental:tapir, CREATURE
environmental:zebra, CREATURE
savage_and_ravage:skeleton_villager, MONSTER
savage_and_ravage:creepie, CREATURE
savage_and_ravage:griefer, MONSTER
savage_and_ravage:trickster, MONSTER
savage_and_ravage:iceologer, MONSTER
savage_and_ravage:executioner, MONSTER
caverns_and_chasms:deeper, MONSTER
caverns_and_chasms:peeper, MONSTER
caverns_and_chasms:mime, MONSTER
caverns_and_chasms:glare, AMBIENT
caverns_and_chasms:lost_goat, caverns_and_chasms:lost_goat
tconstruct:sky_slime, MONSTER
tconstruct:ender_slime, MONSTER
tconstruct:terracube, MONSTER
tradersindisguise:sickle_ambusher, MONSTER
tradersindisguise:bow_ambusher, MONSTER
quark:foxhound, CREATURE
quark:wraith, MONSTER
quark:crab, CREATURE
quark:forgotten, MONSTER
quark:shiba, CREATURE
quark:stoneling, CREATURE
quark:toretoise, CREATURE
supplementaries:red_merchant, CREATURE
hunterillager:hunterillager, MONSTER
crabbersdelight:crab, WATER_AMBIENT
minecraft:allay, CREATURE
minecraft:axolotl, AXOLOTLS
minecraft:bat, AMBIENT
minecraft:bee, CREATURE
minecraft:blaze, MONSTER
minecraft:cat, CREATURE
minecraft:cave_spider, MONSTER
minecraft:chicken, CREATURE
minecraft:cod, WATER_AMBIENT
minecraft:cow, CREATURE
minecraft:creeper, MONSTER
minecraft:dolphin, WATER_CREATURE
minecraft:donkey, CREATURE
minecraft:drowned, MONSTER
minecraft:elder_guardian, MONSTER
minecraft:ender_dragon, MONSTER
minecraft:enderman, MONSTER
minecraft:endermite, MONSTER
minecraft:evoker, MONSTER
minecraft:fox, CREATURE
minecraft:frog, CREATURE
minecraft:ghast, MONSTER
minecraft:giant, MONSTER
minecraft:glow_squid, UNDERGROUND_WATER_CREATURE
minecraft:goat, CREATURE
minecraft:guardian, MONSTER
minecraft:hoglin, MONSTER
minecraft:horse, CREATURE
minecraft:husk, MONSTER
minecraft:illusioner, MONSTER
minecraft:llama, CREATURE
minecraft:magma_cube, MONSTER
minecraft:mule, CREATURE
minecraft:mooshroom, CREATURE
minecraft:ocelot, CREATURE
minecraft:panda, CREATURE
minecraft:parrot, CREATURE
minecraft:phantom, MONSTER
minecraft:pig, CREATURE
minecraft:piglin, MONSTER
minecraft:piglin_brute, MONSTER
minecraft:pillager, MONSTER
minecraft:polar_bear, CREATURE
minecraft:pufferfish, WATER_AMBIENT
minecraft:rabbit, CREATURE
minecraft:ravager, MONSTER
minecraft:salmon, WATER_AMBIENT
minecraft:sheep, CREATURE
minecraft:shulker, MONSTER
minecraft:silverfish, MONSTER
minecraft:skeleton, MONSTER
minecraft:skeleton_horse, CREATURE
minecraft:slime, MONSTER
minecraft:spider, MONSTER
minecraft:squid, WATER_CREATURE
minecraft:stray, MONSTER
minecraft:strider, CREATURE
minecraft:tadpole, CREATURE
minecraft:trader_llama, CREATURE
minecraft:tropical_fish, WATER_AMBIENT
minecraft:turtle, CREATURE
minecraft:vex, MONSTER
minecraft:vindicator, MONSTER
minecraft:wandering_trader, CREATURE
minecraft:warden, MONSTER
minecraft:witch, MONSTER
minecraft:wither, MONSTER
minecraft:wither_skeleton, MONSTER
minecraft:wolf, CREATURE
minecraft:zoglin, MONSTER
minecraft:zombie, MONSTER
minecraft:zombie_horse, CREATURE
minecraft:zombie_villager, MONSTER
minecraft:zombified_piglin, MONSTER
hamsters:hamster, CREATURE
goety:obsidian_monolith, MONSTER
goety:totemic_wall, MONSTER
goety:totemic_bomb, MONSTER
goety:glacial_wall, MONSTER
goety:quick_growing_vine, MONSTER
goety:quick_growing_kelp, MONSTER
goety:poison_quill_vine, MONSTER
goety:poison_anemone, MONSTER
goety:insect_swarm, MONSTER
goety:apostle, MONSTER
goety:warlock, MONSTER
goety:wartling, MONSTER
goety:crone, MONSTER
goety:skeleton_villager_servant, MONSTER
goety:zpiglin_servant, MONSTER
goety:zpiglin_brute_servant, MONSTER
goety:malghast, MONSTER
goety:inferno, MONSTER
goety:damned, MONSTER
goety:vampire_bat, MONSTER
goety:wraith, MONSTER
goety:border_wraith, MONSTER
goety:crypt_slime, MONSTER
goety:bone_spider, MONSTER
goety:cairn_necromancer, MONSTER
goety:haunted_armor, MONSTER
goety:ally_vex, MONSTER
goety:ally_irk, MONSTER
goety:zombie_servant, MONSTER
goety:husk_servant, MONSTER
goety:drowned_servant, MONSTER
goety:frozen_zombie_servant, MONSTER
goety:jungle_zombie_servant, MONSTER
goety:skeleton_servant, MONSTER
goety:stray_servant, MONSTER
goety:wither_skeleton_servant, MONSTER
goety:mossy_skeleton_servant, MONSTER
goety:sunken_skeleton_servant, MONSTER
goety:necromancer_servant, MONSTER
goety:cairn_necromancer_servant, MONSTER
goety:vanguard_servant, MONSTER
goety:wraith_servant, MONSTER
goety:border_wraith_servant, MONSTER
goety:skeleton_pillager, MONSTER
goety:zombie_vindicator, MONSTER
goety:bound_evoker, MONSTER
goety:bound_iceologer, MONSTER
goety:haunted_armor_servant, MONSTER
goety:haunted_skull, MONSTER
goety:mini_ghast, MONSTER
goety:ghast_servant, MONSTER
goety:blaze_servant, MONSTER
goety:slime_servant, MONSTER
goety:magma_cube_servant, MONSTER
goety:crypt_slime_servant, MONSTER
goety:spider_servant, MONSTER
goety:cave_spider_servant, MONSTER
goety:web_spider_servant, MONSTER
goety:icy_spider_servant, MONSTER
goety:bone_spider_servant, MONSTER
goety:ravaged, MONSTER
goety:ravager, MONSTER
goety:armored_ravager, MONSTER
goety:zombie_ravager, MONSTER
goety:black_wolf, MONSTER
goety:bear_servant, MONSTER
goety:polar_bear_servant, MONSTER
goety:hoglin_servant, MONSTER
goety:whisperer, MONSTER
goety:wavewhisperer, MONSTER
goety:leapleaf, MONSTER
goety:ice_golem, MONSTER
goety:squall_golem, MONSTER
goety:redstone_golem, MONSTER
goety:grave_golem, MONSTER
goety:haunt, MONSTER
goety:redstone_monstrosity, MONSTER
goety:redstone_cube, MONSTER
goety:envioker, MONSTER
goety:tormentor, MONSTER
goety:inquillager, MONSTER
goety:conquillager, MONSTER
goety:piker, MONSTER
goety:ripper, MONSTER
goety:trampler, MONSTER
goety:crusher, MONSTER
goety:storm_caster, MONSTER
goety:cryologer, MONSTER
goety:preacher, MONSTER
goety:minister, MONSTER
goety:hostile_redstone_golem, MONSTER
goety:vizier, MONSTER
goety:vizier_clone, MONSTER
goety:irk, MONSTER
goety:skull_lord, MONSTER
goety:bone_lord, MONSTER
goety:wither_necromancer, MONSTER
bagus_lib:mini_bagu, CREATURE
unusualend:endstone_trapper, MONSTER
unusualend:undead_enderling, MONSTER
unusualend:ender_blob, MONSTER
unusualend:ender_firefly, MONSTER
unusualend:endstone_golem, MONSTER
unusualend:dragling, MONSTER
unusualend:bolok, MONSTER
unusualend:warpedislandplacer, MONSTER
botania:doppleganger, MONSTER
ghosts:ghost, CREATURE
ghosts:small_ghost, CREATURE
graveyard:skeleton_creeper, MONSTER
graveyard:acolyte, MONSTER
graveyard:reaper, MONSTER
graveyard:ghoul, MONSTER
graveyard:nightmare, MONSTER
graveyard:revenant, MONSTER
graveyard:falling_corpse, MONSTER
graveyard:lich, MONSTER
graveyard:wraith, MONSTER
graveyard:corrupted_pillager, MONSTER
graveyard:corrupted_vindicator, MONSTER
graveyard:ghouling, CREATURE
graveyard:nameless_hanged, CREATURE
totemic:buffalo, CREATURE
totemic:bald_eagle, CREATURE
totemic:baykok, MONSTER
ecologics:coconut_crab, CREATURE
ecologics:camel, CREATURE
ecologics:penguin, CREATURE
ecologics:squirrel, CREATURE
decoration_delight:stool_entity, MONSTER
create_things_and_misc:balloon_blaze, MONSTER
eidolon:zombie_brute, MONSTER
eidolon:giant_skeleton, MONSTER
eidolon:wraith, MONSTER
eidolon:necromancer, MONSTER
eidolon:raven, CREATURE
eidolon:slimy_slug, CREATURE
naturalist:snail, CREATURE
naturalist:bear, CREATURE
naturalist:butterfly, CREATURE
naturalist:firefly, AMBIENT
naturalist:snake, CREATURE
naturalist:coral_snake, CREATURE
naturalist:rattlesnake, CREATURE
naturalist:deer, CREATURE
naturalist:bluejay, CREATURE
naturalist:canary, CREATURE
naturalist:cardinal, CREATURE
naturalist:robin, CREATURE
naturalist:caterpillar, CREATURE
naturalist:rhino, CREATURE
naturalist:lion, CREATURE
naturalist:elephant, CREATURE
naturalist:zebra, CREATURE
naturalist:giraffe, CREATURE
naturalist:hippo, CREATURE
naturalist:vulture, CREATURE
naturalist:boar, CREATURE
naturalist:dragonfly, AMBIENT
naturalist:catfish, WATER_AMBIENT
naturalist:alligator, CREATURE
naturalist:bass, WATER_AMBIENT
naturalist:lizard, CREATURE
naturalist:lizard_tail, CREATURE
naturalist:tortoise, CREATURE
naturalist:duck, CREATURE
takesapillage:archer, MONSTER
takesapillage:skirmisher, MONSTER
takesapillage:legioner, MONSTER
railways:conductor, CREATURE
dragonmounts:dragon, CREATURE
cnb:little_grebe, CREATURE
cnb:lizard, CREATURE
cnb:lilytad, CREATURE
cnb:sporeling, CREATURE
cnb:minipad, CREATURE
cnb:end_whale, CREATURE
cnb:cactem, CREATURE
cnb:yeti, CREATURE
cnb:cindershell, CREATURE
witherstormmod:wither_storm, MONSTER
witherstormmod:wither_storm_segment, MONSTER
witherstormmod:sickened_zombie, MONSTER
witherstormmod:sickened_skeleton, MONSTER
witherstormmod:sickened_spider, MONSTER
witherstormmod:sickened_creeper, MONSTER
witherstormmod:withered_symbiont, MONSTER
witherstormmod:wither_storm_head, MONSTER
witherstormmod:tentacle, MONSTER
enchantwithmob:enchanter, MONSTER
musketeer_illager:marksman, MONSTER
conjurer_illager:conjurer, MONSTER
environmental:slabfish, CREATURE
environmental:duck, CREATURE
environmental:deer, CREATURE
environmental:reindeer, CREATURE
environmental:yak, CREATURE
environmental:koi, WATER_AMBIENT
environmental:tapir, CREATURE
environmental:zebra, CREATURE
savage_and_ravage:skeleton_villager, MONSTER
savage_and_ravage:creepie, CREATURE
savage_and_ravage:griefer, MONSTER
savage_and_ravage:trickster, MONSTER
savage_and_ravage:iceologer, MONSTER
savage_and_ravage:executioner, MONSTER
caverns_and_chasms:deeper, MONSTER
caverns_and_chasms:peeper, MONSTER
caverns_and_chasms:mime, MONSTER
caverns_and_chasms:glare, AMBIENT
caverns_and_chasms:lost_goat, caverns_and_chasms:lost_goat
tconstruct:sky_slime, MONSTER
tconstruct:ender_slime, MONSTER
tconstruct:terracube, MONSTER
tradersindisguise:sickle_ambusher, MONSTER
tradersindisguise:bow_ambusher, MONSTER
quark:foxhound, CREATURE
quark:wraith, MONSTER
quark:crab, CREATURE
quark:forgotten, MONSTER
quark:shiba, CREATURE
quark:stoneling, CREATURE
quark:toretoise, CREATURE
supplementaries:red_merchant, CREATURE
hunterillager:hunterillager, MONSTER
crabbersdelight:crab, WATER_AMBIENT
minecraft:allay, CREATURE
minecraft:axolotl, AXOLOTLS
minecraft:bat, AMBIENT
minecraft:bee, CREATURE
minecraft:blaze, MONSTER
minecraft:cat, CREATURE
minecraft:cave_spider, MONSTER
minecraft:chicken, CREATURE
minecraft:cod, WATER_AMBIENT
minecraft:cow, CREATURE
minecraft:creeper, MONSTER
minecraft:dolphin, WATER_CREATURE
minecraft:donkey, CREATURE
minecraft:drowned, MONSTER
minecraft:elder_guardian, MONSTER
minecraft:ender_dragon, MONSTER
minecraft:enderman, MONSTER
minecraft:endermite, MONSTER
minecraft:evoker, MONSTER
minecraft:fox, CREATURE
minecraft:frog, CREATURE
minecraft:ghast, MONSTER
minecraft:giant, MONSTER
minecraft:glow_squid, UNDERGROUND_WATER_CREATURE
minecraft:goat, CREATURE
minecraft:guardian, MONSTER
minecraft:hoglin, MONSTER
minecraft:horse, CREATURE
minecraft:husk, MONSTER
minecraft:illusioner, MONSTER
minecraft:llama, CREATURE
minecraft:magma_cube, MONSTER
minecraft:mule, CREATURE
minecraft:mooshroom, CREATURE
minecraft:ocelot, CREATURE
minecraft:panda, CREATURE
minecraft:parrot, CREATURE
minecraft:phantom, MONSTER
minecraft:pig, CREATURE
minecraft:piglin, MONSTER
minecraft:piglin_brute, MONSTER
minecraft:pillager, MONSTER
minecraft:polar_bear, CREATURE
minecraft:pufferfish, WATER_AMBIENT
minecraft:rabbit, CREATURE
minecraft:ravager, MONSTER
minecraft:salmon, WATER_AMBIENT
minecraft:sheep, CREATURE
minecraft:shulker, MONSTER
minecraft:silverfish, MONSTER
minecraft:skeleton, MONSTER
minecraft:skeleton_horse, CREATURE
minecraft:slime, MONSTER
minecraft:spider, MONSTER
minecraft:squid, WATER_CREATURE
minecraft:stray, MONSTER
minecraft:strider, CREATURE
minecraft:tadpole, CREATURE
minecraft:trader_llama, CREATURE
minecraft:tropical_fish, WATER_AMBIENT
minecraft:turtle, CREATURE
minecraft:vex, MONSTER
minecraft:vindicator, MONSTER
minecraft:wandering_trader, CREATURE
minecraft:warden, MONSTER
minecraft:witch, MONSTER
minecraft:wither, MONSTER
minecraft:wither_skeleton, MONSTER
minecraft:wolf, CREATURE
minecraft:zoglin, MONSTER
minecraft:zombie, MONSTER
minecraft:zombie_horse, CREATURE
minecraft:zombie_villager, MONSTER
minecraft:zombified_piglin, MONSTER
hamsters:hamster, CREATURE
goety:obsidian_monolith, MONSTER
goety:totemic_wall, MONSTER
goety:totemic_bomb, MONSTER
goety:glacial_wall, MONSTER
goety:quick_growing_vine, MONSTER
goety:quick_growing_kelp, MONSTER
goety:poison_quill_vine, MONSTER
goety:poison_anemone, MONSTER
goety:insect_swarm, MONSTER
goety:apostle, MONSTER
goety:warlock, MONSTER
goety:wartling, MONSTER
goety:crone, MONSTER
goety:skeleton_villager_servant, MONSTER
goety:zpiglin_servant, MONSTER
goety:zpiglin_brute_servant, MONSTER
goety:malghast, MONSTER
goety:inferno, MONSTER
goety:damned, MONSTER
goety:vampire_bat, MONSTER
goety:wraith, MONSTER
goety:border_wraith, MONSTER
goety:crypt_slime, MONSTER
goety:bone_spider, MONSTER
goety:cairn_necromancer, MONSTER
goety:haunted_armor, MONSTER
goety:ally_vex, MONSTER
goety:ally_irk, MONSTER
goety:zombie_servant, MONSTER
goety:husk_servant, MONSTER
goety:drowned_servant, MONSTER
goety:frozen_zombie_servant, MONSTER
goety:jungle_zombie_servant, MONSTER
goety:skeleton_servant, MONSTER
goety:stray_servant, MONSTER
goety:wither_skeleton_servant, MONSTER
goety:mossy_skeleton_servant, MONSTER
goety:sunken_skeleton_servant, MONSTER
goety:necromancer_servant, MONSTER
goety:cairn_necromancer_servant, MONSTER
goety:vanguard_servant, MONSTER
goety:wraith_servant, MONSTER
goety:border_wraith_servant, MONSTER
goety:skeleton_pillager, MONSTER
goety:zombie_vindicator, MONSTER
goety:bound_evoker, MONSTER
goety:bound_iceologer, MONSTER
goety:haunted_armor_servant, MONSTER
goety:haunted_skull, MONSTER
goety:mini_ghast, MONSTER
goety:ghast_servant, MONSTER
goety:blaze_servant, MONSTER
goety:slime_servant, MONSTER
goety:magma_cube_servant, MONSTER
goety:crypt_slime_servant, MONSTER
goety:spider_servant, MONSTER
goety:cave_spider_servant, MONSTER
goety:web_spider_servant, MONSTER
goety:icy_spider_servant, MONSTER
goety:bone_spider_servant, MONSTER
goety:ravaged, MONSTER
goety:ravager, MONSTER
goety:armored_ravager, MONSTER
goety:zombie_ravager, MONSTER
goety:black_wolf, MONSTER
goety:bear_servant, MONSTER
goety:polar_bear_servant, MONSTER
goety:hoglin_servant, MONSTER
goety:whisperer, MONSTER
goety:wavewhisperer, MONSTER
goety:leapleaf, MONSTER
goety:ice_golem, MONSTER
goety:squall_golem, MONSTER
goety:redstone_golem, MONSTER
goety:grave_golem, MONSTER
goety:haunt, MONSTER
goety:redstone_monstrosity, MONSTER
goety:redstone_cube, MONSTER
goety:envioker, MONSTER
goety:tormentor, MONSTER
goety:inquillager, MONSTER
goety:conquillager, MONSTER
goety:piker, MONSTER
goety:ripper, MONSTER
goety:trampler, MONSTER
goety:crusher, MONSTER
goety:storm_caster, MONSTER
goety:cryologer, MONSTER
goety:preacher, MONSTER
goety:minister, MONSTER
goety:hostile_redstone_golem, MONSTER
goety:vizier, MONSTER
goety:vizier_clone, MONSTER
goety:irk, MONSTER
goety:skull_lord, MONSTER
goety:bone_lord, MONSTER
goety:wither_necromancer, MONSTER
bagus_lib:mini_bagu, CREATURE
unusualend:endstone_trapper, MONSTER
unusualend:undead_enderling, MONSTER
unusualend:ender_blob, MONSTER
unusualend:ender_firefly, MONSTER
unusualend:endstone_golem, MONSTER
unusualend:dragling, MONSTER
unusualend:bolok, MONSTER
unusualend:warpedislandplacer, MONSTER
botania:doppleganger, MONSTER
ghosts:ghost, CREATURE
ghosts:small_ghost, CREATURE
graveyard:skeleton_creeper, MONSTER
graveyard:acolyte, MONSTER
graveyard:reaper, MONSTER
graveyard:ghoul, MONSTER
graveyard:nightmare, MONSTER
graveyard:revenant, MONSTER
graveyard:falling_corpse, MONSTER
graveyard:lich, MONSTER
graveyard:wraith, MONSTER
graveyard:corrupted_pillager, MONSTER
graveyard:corrupted_vindicator, MONSTER
graveyard:ghouling, CREATURE
graveyard:nameless_hanged, CREATURE
totemic:buffalo, CREATURE
totemic:bald_eagle, CREATURE
totemic:baykok, MONSTER
ecologics:coconut_crab, CREATURE
ecologics:camel, CREATURE
ecologics:penguin, CREATURE
ecologics:squirrel, CREATURE
decoration_delight:stool_entity, MONSTER
create_things_and_misc:balloon_blaze, MONSTER
eidolon:zombie_brute, MONSTER
eidolon:giant_skeleton, MONSTER
eidolon:wraith, MONSTER
eidolon:necromancer, MONSTER
eidolon:raven, CREATURE
eidolon:slimy_slug, CREATURE
naturalist:snail, CREATURE
naturalist:bear, CREATURE
naturalist:butterfly, CREATURE
naturalist:firefly, AMBIENT
naturalist:snake, CREATURE
naturalist:coral_snake, CREATURE
naturalist:rattlesnake, CREATURE
naturalist:deer, CREATURE
naturalist:bluejay, CREATURE
naturalist:canary, CREATURE
naturalist:cardinal, CREATURE
naturalist:robin, CREATURE
naturalist:caterpillar, CREATURE
naturalist:rhino, CREATURE
naturalist:lion, CREATURE
naturalist:elephant, CREATURE
naturalist:zebra, CREATURE
naturalist:giraffe, CREATURE
naturalist:hippo, CREATURE
naturalist:vulture, CREATURE
naturalist:boar, CREATURE
naturalist:dragonfly, AMBIENT
naturalist:catfish, WATER_AMBIENT
naturalist:alligator, CREATURE
naturalist:bass, WATER_AMBIENT
naturalist:lizard, CREATURE
naturalist:lizard_tail, CREATURE
naturalist:tortoise, CREATURE
naturalist:duck, CREATURE
takesapillage:archer, MONSTER
takesapillage:skirmisher, MONSTER
takesapillage:legioner, MONSTER
railways:conductor, CREATURE
dragonmounts:dragon, CREATURE
cnb:little_grebe, CREATURE
cnb:lizard, CREATURE
cnb:lilytad, CREATURE
cnb:sporeling, CREATURE
cnb:minipad, CREATURE
cnb:end_whale, CREATURE
cnb:cactem, CREATURE
cnb:yeti, CREATURE
cnb:cindershell, CREATURE
witherstormmod:wither_storm, MONSTER
witherstormmod:wither_storm_segment, MONSTER
witherstormmod:sickened_zombie, MONSTER
witherstormmod:sickened_skeleton, MONSTER
witherstormmod:sickened_spider, MONSTER
witherstormmod:sickened_creeper, MONSTER
witherstormmod:withered_symbiont, MONSTER
witherstormmod:wither_storm_head, MONSTER
witherstormmod:tentacle, MONSTER
enchantwithmob:enchanter, MONSTER
musketeer_illager:marksman, MONSTER
conjurer_illager:conjurer, MONSTER
environmental:slabfish, CREATURE
environmental:duck, CREATURE
environmental:deer, CREATURE
environmental:reindeer, CREATURE
environmental:yak, CREATURE
environmental:koi, WATER_AMBIENT
environmental:tapir, CREATURE
environmental:zebra, CREATURE
savage_and_ravage:skeleton_villager, MONSTER
savage_and_ravage:creepie, CREATURE
savage_and_ravage:griefer, MONSTER
savage_and_ravage:trickster, MONSTER
savage_and_ravage:iceologer, MONSTER
savage_and_ravage:executioner, MONSTER
caverns_and_chasms:deeper, MONSTER
caverns_and_chasms:peeper, MONSTER
caverns_and_chasms:mime, MONSTER
caverns_and_chasms:glare, AMBIENT
caverns_and_chasms:lost_goat, caverns_and_chasms:lost_goat
tconstruct:sky_slime, MONSTER
tconstruct:ender_slime, MONSTER
tconstruct:terracube, MONSTER
tradersindisguise:sickle_ambusher, MONSTER
tradersindisguise:bow_ambusher, MONSTER
quark:foxhound, CREATURE
quark:wraith, MONSTER
quark:crab, CREATURE
quark:forgotten, MONSTER
quark:shiba, CREATURE
quark:stoneling, CREATURE
quark:toretoise, CREATURE
supplementaries:red_merchant, CREATURE
hunterillager:hunterillager, MONSTER
crabbersdelight:crab, WATER_AMBIENT
minecraft:allay, CREATURE
minecraft:axolotl, AXOLOTLS
minecraft:bat, AMBIENT
minecraft:bee, CREATURE
minecraft:blaze, MONSTER
minecraft:cat, CREATURE
minecraft:cave_spider, MONSTER
minecraft:chicken, CREATURE
minecraft:cod, WATER_AMBIENT
minecraft:cow, CREATURE
minecraft:creeper, MONSTER
minecraft:dolphin, WATER_CREATURE
minecraft:donkey, CREATURE
minecraft:drowned, MONSTER
minecraft:elder_guardian, MONSTER
minecraft:ender_dragon, MONSTER
minecraft:enderman, MONSTER
minecraft:endermite, MONSTER
minecraft:evoker, MONSTER
minecraft:fox, CREATURE
minecraft:frog, CREATURE
minecraft:ghast, MONSTER
minecraft:giant, MONSTER
minecraft:glow_squid, UNDERGROUND_WATER_CREATURE
minecraft:goat, CREATURE
minecraft:guardian, MONSTER
minecraft:hoglin, MONSTER
minecraft:horse, CREATURE
minecraft:husk, MONSTER
minecraft:illusioner, MONSTER
minecraft:llama, CREATURE
minecraft:magma_cube, MONSTER
minecraft:mule, CREATURE
minecraft:mooshroom, CREATURE
minecraft:ocelot, CREATURE
minecraft:panda, CREATURE
minecraft:parrot, CREATURE
minecraft:phantom, MONSTER
minecraft:pig, CREATURE
minecraft:piglin, MONSTER
minecraft:piglin_brute, MONSTER
minecraft:pillager, MONSTER
minecraft:polar_bear, CREATURE
minecraft:pufferfish, WATER_AMBIENT
minecraft:rabbit, CREATURE
minecraft:ravager, MONSTER
minecraft:salmon, WATER_AMBIENT
minecraft:sheep, CREATURE
minecraft:shulker, MONSTER
minecraft:silverfish, MONSTER
minecraft:skeleton, MONSTER
minecraft:skeleton_horse, CREATURE
minecraft:slime, MONSTER
minecraft:spider, MONSTER
minecraft:squid, WATER_CREATURE
minecraft:stray, MONSTER
minecraft:strider, CREATURE
minecraft:tadpole, CREATURE
minecraft:trader_llama, CREATURE
minecraft:tropical_fish, WATER_AMBIENT
minecraft:turtle, CREATURE
minecraft:vex, MONSTER
minecraft:vindicator, MONSTER
minecraft:wandering_trader, CREATURE
minecraft:warden, MONSTER
minecraft:witch, MONSTER
minecraft:wither, MONSTER
minecraft:wither_skeleton, MONSTER
minecraft:wolf, CREATURE
minecraft:zoglin, MONSTER
minecraft:zombie, MONSTER
minecraft:zombie_horse, CREATURE
minecraft:zombie_villager, MONSTER
minecraft:zombified_piglin, MONSTER
hamsters:hamster, CREATURE
goety:obsidian_monolith, MONSTER
goety:totemic_wall, MONSTER
goety:totemic_bomb, MONSTER
goety:glacial_wall, MONSTER
goety:quick_growing_vine, MONSTER
goety:quick_growing_kelp, MONSTER
goety:poison_quill_vine, MONSTER
goety:poison_anemone, MONSTER
goety:insect_swarm, MONSTER
goety:apostle, MONSTER
goety:warlock, MONSTER
goety:wartling, MONSTER
goety:crone, MONSTER
goety:skeleton_villager_servant, MONSTER
goety:zpiglin_servant, MONSTER
goety:zpiglin_brute_servant, MONSTER
goety:malghast, MONSTER
goety:inferno, MONSTER
goety:damned, MONSTER
goety:vampire_bat, MONSTER
goety:wraith, MONSTER
goety:border_wraith, MONSTER
goety:crypt_slime, MONSTER
goety:bone_spider, MONSTER
goety:cairn_necromancer, MONSTER
goety:haunted_armor, MONSTER
goety:ally_vex, MONSTER
goety:ally_irk, MONSTER
goety:zombie_servant, MONSTER
goety:husk_servant, MONSTER
goety:drowned_servant, MONSTER
goety:frozen_zombie_servant, MONSTER
goety:jungle_zombie_servant, MONSTER
goety:skeleton_servant, MONSTER
goety:stray_servant, MONSTER
goety:wither_skeleton_servant, MONSTER
goety:mossy_skeleton_servant, MONSTER
goety:sunken_skeleton_servant, MONSTER
goety:necromancer_servant, MONSTER
goety:cairn_necromancer_servant, MONSTER
goety:vanguard_servant, MONSTER
goety:wraith_servant, MONSTER
goety:border_wraith_servant, MONSTER
goety:skeleton_pillager, MONSTER
goety:zombie_vindicator, MONSTER
goety:bound_evoker, MONSTER
goety:bound_iceologer, MONSTER
goety:haunted_armor_servant, MONSTER
goety:haunted_skull, MONSTER
goety:mini_ghast, MONSTER
goety:ghast_servant, MONSTER
goety:blaze_servant, MONSTER
goety:slime_servant, MONSTER
goety:magma_cube_servant, MONSTER
goety:crypt_slime_servant, MONSTER
goety:spider_servant, MONSTER
goety:cave_spider_servant, MONSTER
goety:web_spider_servant, MONSTER
goety:icy_spider_servant, MONSTER
goety:bone_spider_servant, MONSTER
goety:ravaged, MONSTER
goety:ravager, MONSTER
goety:armored_ravager, MONSTER
goety:zombie_ravager, MONSTER
goety:black_wolf, MONSTER
goety:bear_servant, MONSTER
goety:polar_bear_servant, MONSTER
goety:hoglin_servant, MONSTER
goety:whisperer, MONSTER
goety:wavewhisperer, MONSTER
goety:leapleaf, MONSTER
goety:ice_golem, MONSTER
goety:squall_golem, MONSTER
goety:redstone_golem, MONSTER
goety:grave_golem, MONSTER
goety:haunt, MONSTER
goety:redstone_monstrosity, MONSTER
goety:redstone_cube, MONSTER
goety:envioker, MONSTER
goety:tormentor, MONSTER
goety:inquillager, MONSTER
goety:conquillager, MONSTER
goety:piker, MONSTER
goety:ripper, MONSTER
goety:trampler, MONSTER
goety:crusher, MONSTER
goety:storm_caster, MONSTER
goety:cryologer, MONSTER
goety:preacher, MONSTER
goety:minister, MONSTER
goety:hostile_redstone_golem, MONSTER
goety:vizier, MONSTER
goety:vizier_clone, MONSTER
goety:irk, MONSTER
goety:skull_lord, MONSTER
goety:bone_lord, MONSTER
goety:wither_necromancer, MONSTER
bagus_lib:mini_bagu, CREATURE
unusualend:endstone_trapper, MONSTER
unusualend:undead_enderling, MONSTER
unusualend:ender_blob, MONSTER
unusualend:ender_firefly, MONSTER
unusualend:endstone_golem, MONSTER
unusualend:dragling, MONSTER
unusualend:bolok, MONSTER
unusualend:warpedislandplacer, MONSTER
botania:doppleganger, MONSTER
ghosts:ghost, CREATURE
ghosts:small_ghost, CREATURE
graveyard:skeleton_creeper, MONSTER
graveyard:acolyte, MONSTER
graveyard:reaper, MONSTER
graveyard:ghoul, MONSTER
graveyard:nightmare, MONSTER
graveyard:revenant, MONSTER
graveyard:falling_corpse, MONSTER
graveyard:lich, MONSTER
graveyard:wraith, MONSTER
graveyard:corrupted_pillager, MONSTER
graveyard:corrupted_vindicator, MONSTER
graveyard:ghouling, CREATURE
graveyard:nameless_hanged, CREATURE
totemic:buffalo, CREATURE
totemic:bald_eagle, CREATURE
totemic:baykok, MONSTER
ecologics:coconut_crab, CREATURE
ecologics:camel, CREATURE
ecologics:penguin, CREATURE
ecologics:squirrel, CREATURE
decoration_delight:stool_entity, MONSTER
create_things_and_misc:balloon_blaze, MONSTER
eidolon:zombie_brute, MONSTER
eidolon:giant_skeleton, MONSTER
eidolon:wraith, MONSTER
eidolon:necromancer, MONSTER
eidolon:raven, CREATURE
eidolon:slimy_slug, CREATURE
naturalist:snail, CREATURE
naturalist:bear, CREATURE
naturalist:butterfly, CREATURE
naturalist:firefly, AMBIENT
naturalist:snake, CREATURE
naturalist:coral_snake, CREATURE
naturalist:rattlesnake, CREATURE
naturalist:deer, CREATURE
naturalist:bluejay, CREATURE
naturalist:canary, CREATURE
naturalist:cardinal, CREATURE
naturalist:robin, CREATURE
naturalist:caterpillar, CREATURE
naturalist:rhino, CREATURE
naturalist:lion, CREATURE
naturalist:elephant, CREATURE
naturalist:zebra, CREATURE
naturalist:giraffe, CREATURE
naturalist:hippo, CREATURE
naturalist:vulture, CREATURE
naturalist:boar, CREATURE
naturalist:dragonfly, AMBIENT
naturalist:catfish, WATER_AMBIENT
naturalist:alligator, CREATURE
naturalist:bass, WATER_AMBIENT
naturalist:lizard, CREATURE
naturalist:lizard_tail, CREATURE
naturalist:tortoise, CREATURE
naturalist:duck, CREATURE
takesapillage:archer, MONSTER
takesapillage:skirmisher, MONSTER
takesapillage:legioner, MONSTER
railways:conductor, CREATURE
dragonmounts:dragon, CREATURE
cnb:little_grebe, CREATURE
cnb:lizard, CREATURE
cnb:lilytad, CREATURE
cnb:sporeling, CREATURE
cnb:minipad, CREATURE
cnb:end_whale, CREATURE
cnb:cactem, CREATURE
cnb:yeti, CREATURE
cnb:cindershell, CREATURE
witherstormmod:wither_storm, MONSTER
witherstormmod:wither_storm_segment, MONSTER
witherstormmod:sickened_zombie, MONSTER
witherstormmod:sickened_skeleton, MONSTER
witherstormmod:sickened_spider, MONSTER
witherstormmod:sickened_creeper, MONSTER
witherstormmod:withered_symbiont, MONSTER
witherstormmod:wither_storm_head, MONSTER
witherstormmod:tentacle, MONSTER
enchantwithmob:enchanter, MONSTER
musketeer_illager:marksman, MONSTER
conjurer_illager:conjurer, MONSTER
environmental:slabfish, CREATURE
environmental:duck, CREATURE
environmental:deer, CREATURE
environmental:reindeer, CREATURE
environmental:yak, CREATURE
environmental:koi, WATER_AMBIENT
environmental:tapir, CREATURE
environmental:zebra, CREATURE
savage_and_ravage:skeleton_villager, MONSTER
savage_and_ravage:creepie, CREATURE
savage_and_ravage:griefer, MONSTER
savage_and_ravage:trickster, MONSTER
savage_and_ravage:iceologer, MONSTER
savage_and_ravage:executioner, MONSTER
caverns_and_chasms:deeper, MONSTER
caverns_and_chasms:peeper, MONSTER
caverns_and_chasms:mime, MONSTER
caverns_and_chasms:glare, AMBIENT
caverns_and_chasms:lost_goat, caverns_and_chasms:lost_goat
tconstruct:sky_slime, MONSTER
tconstruct:ender_slime, MONSTER
tconstruct:terracube, MONSTER
tradersindisguise:sickle_ambusher, MONSTER
tradersindisguise:bow_ambusher, MONSTER
quark:foxhound, CREATURE
quark:wraith, MONSTER
quark:crab, CREATURE
quark:forgotten, MONSTER
quark:shiba, CREATURE
quark:stoneling, CREATURE
quark:toretoise, CREATURE
supplementaries:red_merchant, CREATURE
hunterillager:hunterillager, MONSTER
crabbersdelight:crab, WATER_AMBIENT
minecraft:allay, CREATURE
minecraft:axolotl, AXOLOTLS
minecraft:bat, AMBIENT
minecraft:bee, CREATURE
minecraft:blaze, MONSTER
minecraft:cat, CREATURE
minecraft:cave_spider, MONSTER
minecraft:chicken, CREATURE
minecraft:cod, WATER_AMBIENT
minecraft:cow, CREATURE
minecraft:creeper, MONSTER
minecraft:dolphin, WATER_CREATURE
minecraft:donkey, CREATURE
minecraft:drowned, MONSTER
minecraft:elder_guardian, MONSTER
minecraft:ender_dragon, MONSTER
minecraft:enderman, MONSTER
minecraft:endermite, MONSTER
minecraft:evoker, MONSTER
minecraft:fox, CREATURE
minecraft:frog, CREATURE
minecraft:ghast, MONSTER
minecraft:giant, MONSTER
minecraft:glow_squid, UNDERGROUND_WATER_CREATURE
minecraft:goat, CREATURE
minecraft:guardian, MONSTER
minecraft:hoglin, MONSTER
minecraft:horse, CREATURE
minecraft:husk, MONSTER
minecraft:illusioner, MONSTER
minecraft:llama, CREATURE
minecraft:magma_cube, MONSTER
minecraft:mule, CREATURE
minecraft:mooshroom, CREATURE
minecraft:ocelot, CREATURE
minecraft:panda, CREATURE
minecraft:parrot, CREATURE
minecraft:phantom, MONSTER
minecraft:pig, CREATURE
minecraft:piglin, MONSTER
minecraft:piglin_brute, MONSTER
minecraft:pillager, MONSTER
minecraft:polar_bear, CREATURE
minecraft:pufferfish, WATER_AMBIENT
minecraft:rabbit, CREATURE
minecraft:ravager, MONSTER
minecraft:salmon, WATER_AMBIENT
minecraft:sheep, CREATURE
minecraft:shulker, MONSTER
minecraft:silverfish, MONSTER
minecraft:skeleton, MONSTER
minecraft:skeleton_horse, CREATURE
minecraft:slime, MONSTER
minecraft:spider, MONSTER
minecraft:squid, WATER_CREATURE
minecraft:stray, MONSTER
minecraft:strider, CREATURE
minecraft:tadpole, CREATURE
minecraft:trader_llama, CREATURE
minecraft:tropical_fish, WATER_AMBIENT
minecraft:turtle, CREATURE
minecraft:vex, MONSTER
minecraft:vindicator, MONSTER
minecraft:wandering_trader, CREATURE
minecraft:warden, MONSTER
minecraft:witch, MONSTER
minecraft:wither, MONSTER
minecraft:wither_skeleton, MONSTER
minecraft:wolf, CREATURE
minecraft:zoglin, MONSTER
minecraft:zombie, MONSTER
minecraft:zombie_horse, CREATURE
minecraft:zombie_villager, MONSTER
minecraft:zombified_piglin, MONSTER
hamsters:hamster, CREATURE
goety:obsidian_monolith, MONSTER
goety:totemic_wall, MONSTER
goety:totemic_bomb, MONSTER
goety:glacial_wall, MONSTER
goety:quick_growing_vine, MONSTER
goety:quick_growing_kelp, MONSTER
goety:poison_quill_vine, MONSTER
goety:poison_anemone, MONSTER
goety:insect_swarm, MONSTER
goety:apostle, MONSTER
goety:warlock, MONSTER
goety:wartling, MONSTER
goety:crone, MONSTER
goety:skeleton_villager_servant, MONSTER
goety:zpiglin_servant, MONSTER
goety:zpiglin_brute_servant, MONSTER
goety:malghast, MONSTER
goety:inferno, MONSTER
goety:damned, MONSTER
goety:vampire_bat, MONSTER
goety:wraith, MONSTER
goety:border_wraith, MONSTER
goety:crypt_slime, MONSTER
goety:bone_spider, MONSTER
goety:cairn_necromancer, MONSTER
goety:haunted_armor, MONSTER
goety:ally_vex, MONSTER
goety:ally_irk, MONSTER
goety:zombie_servant, MONSTER
goety:husk_servant, MONSTER
goety:drowned_servant, MONSTER
goety:frozen_zombie_servant, MONSTER
goety:jungle_zombie_servant, MONSTER
goety:skeleton_servant, MONSTER
goety:stray_servant, MONSTER
goety:wither_skeleton_servant, MONSTER
goety:mossy_skeleton_servant, MONSTER
goety:sunken_skeleton_servant, MONSTER
goety:necromancer_servant, MONSTER
goety:cairn_necromancer_servant, MONSTER
goety:vanguard_servant, MONSTER
goety:wraith_servant, MONSTER
goety:border_wraith_servant, MONSTER
goety:skeleton_pillager, MONSTER
goety:zombie_vindicator, MONSTER
goety:bound_evoker, MONSTER
goety:bound_iceologer, MONSTER
goety:haunted_armor_servant, MONSTER
goety:haunted_skull, MONSTER
goety:mini_ghast, MONSTER
goety:ghast_servant, MONSTER
goety:blaze_servant, MONSTER
goety:slime_servant, MONSTER
goety:magma_cube_servant, MONSTER
goety:crypt_slime_servant, MONSTER
goety:spider_servant, MONSTER
goety:cave_spider_servant, MONSTER
goety:web_spider_servant, MONSTER
goety:icy_spider_servant, MONSTER
goety:bone_spider_servant, MONSTER
goety:ravaged, MONSTER
goety:ravager, MONSTER
goety:armored_ravager, MONSTER
goety:zombie_ravager, MONSTER
goety:black_wolf, MONSTER
goety:bear_servant, MONSTER
goety:polar_bear_servant, MONSTER
goety:hoglin_servant, MONSTER
goety:whisperer, MONSTER
goety:wavewhisperer, MONSTER
goety:leapleaf, MONSTER
goety:ice_golem, MONSTER
goety:squall_golem, MONSTER
goety:redstone_golem, MONSTER
goety:grave_golem, MONSTER
goety:haunt, MONSTER
goety:redstone_monstrosity, MONSTER
goety:redstone_cube, MONSTER
goety:envioker, MONSTER
goety:tormentor, MONSTER
goety:inquillager, MONSTER
goety:conquillager, MONSTER
goety:piker, MONSTER
goety:ripper, MONSTER
goety:trampler, MONSTER
goety:crusher, MONSTER
goety:storm_caster, MONSTER
goety:cryologer, MONSTER
goety:preacher, MONSTER
goety:minister, MONSTER
goety:hostile_redstone_golem, MONSTER
goety:vizier, MONSTER
goety:vizier_clone, MONSTER
goety:irk, MONSTER
goety:skull_lord, MONSTER
goety:bone_lord, MONSTER
goety:wither_necromancer, MONSTER
bagus_lib:mini_bagu, CREATURE
unusualend:endstone_trapper, MONSTER
unusualend:undead_enderling, MONSTER
unusualend:ender_blob, MONSTER
unusualend:ender_firefly, MONSTER
unusualend:endstone_golem, MONSTER
unusualend:dragling, MONSTER
unusualend:bolok, MONSTER
unusualend:warpedislandplacer, MONSTER
botania:doppleganger, MONSTER
ghosts:ghost, CREATURE
ghosts:small_ghost, CREATURE
graveyard:skeleton_creeper, MONSTER
graveyard:acolyte, MONSTER
graveyard:reaper, MONSTER
graveyard:ghoul, MONSTER
graveyard:nightmare, MONSTER
graveyard:revenant, MONSTER
graveyard:falling_corpse, MONSTER
graveyard:lich, MONSTER
graveyard:wraith, MONSTER
graveyard:corrupted_pillager, MONSTER
graveyard:corrupted_vindicator, MONSTER
graveyard:ghouling, CREATURE
graveyard:nameless_hanged, CREATURE
totemic:buffalo, CREATURE
totemic:bald_eagle, CREATURE
totemic:baykok, MONSTER
ecologics:coconut_crab, CREATURE
ecologics:camel, CREATURE
ecologics:penguin, CREATURE
ecologics:squirrel, CREATURE
decoration_delight:stool_entity, MONSTER
create_things_and_misc:balloon_blaze, MONSTER
eidolon:zombie_brute, MONSTER
eidolon:giant_skeleton, MONSTER
eidolon:wraith, MONSTER
eidolon:necromancer, MONSTER
eidolon:raven, CREATURE
eidolon:slimy_slug, CREATURE
naturalist:snail, CREATURE
naturalist:bear, CREATURE
naturalist:butterfly, CREATURE
naturalist:firefly, AMBIENT
naturalist:snake, CREATURE
naturalist:coral_snake, CREATURE
naturalist:rattlesnake, CREATURE
naturalist:deer, CREATURE
naturalist:bluejay, CREATURE
naturalist:canary, CREATURE
naturalist:cardinal, CREATURE
naturalist:robin, CREATURE
naturalist:caterpillar, CREATURE
naturalist:rhino, CREATURE
naturalist:lion, CREATURE
naturalist:elephant, CREATURE
naturalist:zebra, CREATURE
naturalist:giraffe, CREATURE
naturalist:hippo, CREATURE
naturalist:vulture, CREATURE
naturalist:boar, CREATURE
naturalist:dragonfly, AMBIENT
naturalist:catfish, WATER_AMBIENT
naturalist:alligator, CREATURE
naturalist:bass, WATER_AMBIENT
naturalist:lizard, CREATURE
naturalist:lizard_tail, CREATURE
naturalist:tortoise, CREATURE
naturalist:duck, CREATURE
takesapillage:archer, MONSTER
takesapillage:skirmisher, MONSTER
takesapillage:legioner, MONSTER
railways:conductor, CREATURE
dragonmounts:dragon, CREATURE
cnb:little_grebe, CREATURE
cnb:lizard, CREATURE
cnb:lilytad, CREATURE
cnb:sporeling, CREATURE
cnb:minipad, CREATURE
cnb:end_whale, CREATURE
cnb:cactem, CREATURE
cnb:yeti, CREATURE
cnb:cindershell, CREATURE
witherstormmod:wither_storm, MONSTER
witherstormmod:wither_storm_segment, MONSTER
witherstormmod:sickened_zombie, MONSTER
witherstormmod:sickened_skeleton, MONSTER
witherstormmod:sickened_spider, MONSTER
witherstormmod:sickened_creeper, MONSTER
witherstormmod:withered_symbiont, MONSTER
witherstormmod:wither_storm_head, MONSTER
witherstormmod:tentacle, MONSTER
enchantwithmob:enchanter, MONSTER
musketeer_illager:marksman, MONSTER
conjurer_illager:conjurer, MONSTER
environmental:slabfish, CREATURE
environmental:duck, CREATURE
environmental:deer, CREATURE
environmental:reindeer, CREATURE
environmental:yak, CREATURE
environmental:koi, WATER_AMBIENT
environmental:tapir, CREATURE
environmental:zebra, CREATURE
savage_and_ravage:skeleton_villager, MONSTER
savage_and_ravage:creepie, CREATURE
savage_and_ravage:griefer, MONSTER
savage_and_ravage:trickster, MONSTER
savage_and_ravage:iceologer, MONSTER
savage_and_ravage:executioner, MONSTER
caverns_and_chasms:deeper, MONSTER
caverns_and_chasms:peeper, MONSTER
caverns_and_chasms:mime, MONSTER
caverns_and_chasms:glare, AMBIENT
caverns_and_chasms:lost_goat, caverns_and_chasms:lost_goat
tconstruct:sky_slime, MONSTER
tconstruct:ender_slime, MONSTER
tconstruct:terracube, MONSTER
tradersindisguise:sickle_ambusher, MONSTER
tradersindisguise:bow_ambusher, MONSTER
quark:foxhound, CREATURE
quark:wraith, MONSTER
quark:crab, CREATURE
quark:forgotten, MONSTER
quark:shiba, CREATURE
quark:stoneling, CREATURE
quark:toretoise, CREATURE
supplementaries:red_merchant, CREATURE
hunterillager:hunterillager, MONSTER
crabbersdelight:crab, WATER_AMBIENT
minecraft:allay, CREATURE
minecraft:axolotl, AXOLOTLS
minecraft:bat, AMBIENT
minecraft:bee, CREATURE
minecraft:blaze, MONSTER
minecraft:cat, CREATURE
minecraft:cave_spider, MONSTER
minecraft:chicken, CREATURE
minecraft:cod, WATER_AMBIENT
minecraft:cow, CREATURE
minecraft:creeper, MONSTER
minecraft:dolphin, WATER_CREATURE
minecraft:donkey, CREATURE
minecraft:drowned, MONSTER
minecraft:elder_guardian, MONSTER
minecraft:ender_dragon, MONSTER
minecraft:enderman, MONSTER
minecraft:endermite, MONSTER
minecraft:evoker, MONSTER
minecraft:fox, CREATURE
minecraft:frog, CREATURE
minecraft:ghast, MONSTER
minecraft:giant, MONSTER
minecraft:glow_squid, UNDERGROUND_WATER_CREATURE
minecraft:goat, CREATURE
minecraft:guardian, MONSTER
minecraft:hoglin, MONSTER
minecraft:horse, CREATURE
minecraft:husk, MONSTER
minecraft:illusioner, MONSTER
minecraft:llama, CREATURE
minecraft:magma_cube, MONSTER
minecraft:mule, CREATURE
minecraft:mooshroom, CREATURE
minecraft:ocelot, CREATURE
minecraft:panda, CREATURE
minecraft:parrot, CREATURE
minecraft:phantom, MONSTER
minecraft:pig, CREATURE
minecraft:piglin, MONSTER
minecraft:piglin_brute, MONSTER
minecraft:pillager, MONSTER
minecraft:polar_bear, CREATURE
minecraft:pufferfish, WATER_AMBIENT
minecraft:rabbit, CREATURE
minecraft:ravager, MONSTER
minecraft:salmon, WATER_AMBIENT
minecraft:sheep, CREATURE
minecraft:shulker, MONSTER
minecraft:silverfish, MONSTER
minecraft:skeleton, MONSTER
minecraft:skeleton_horse, CREATURE
minecraft:slime, MONSTER
minecraft:spider, MONSTER
minecraft:squid, WATER_CREATURE
minecraft:stray, MONSTER
minecraft:strider, CREATURE
minecraft:tadpole, CREATURE
minecraft:trader_llama, CREATURE
minecraft:tropical_fish, WATER_AMBIENT
minecraft:turtle, CREATURE
minecraft:vex, MONSTER
minecraft:vindicator, MONSTER
minecraft:wandering_trader, CREATURE
minecraft:warden, MONSTER
minecraft:witch, MONSTER
minecraft:wither, MONSTER
minecraft:wither_skeleton, MONSTER
minecraft:wolf, CREATURE
minecraft:zoglin, MONSTER
minecraft:zombie, MONSTER
minecraft:zombie_horse, CREATURE
minecraft:zombie_villager, MONSTER
minecraft:zombified_piglin, MONSTER
hamsters:hamster, CREATURE
goety:obsidian_monolith, MONSTER
goety:totemic_wall, MONSTER
goety:totemic_bomb, MONSTER
goety:glacial_wall, MONSTER
goety:quick_growing_vine, MONSTER
goety:quick_growing_kelp, MONSTER
goety:poison_quill_vine, MONSTER
goety:poison_anemone, MONSTER
goety:insect_swarm, MONSTER
goety:apostle, MONSTER
goety:warlock, MONSTER
goety:wartling, MONSTER
goety:crone, MONSTER
goety:skeleton_villager_servant, MONSTER
goety:zpiglin_servant, MONSTER
goety:zpiglin_brute_servant, MONSTER
goety:malghast, MONSTER
goety:inferno, MONSTER
goety:damned, MONSTER
goety:vampire_bat, MONSTER
goety:wraith, MONSTER
goety:border_wraith, MONSTER
goety:crypt_slime, MONSTER
goety:bone_spider, MONSTER
goety:cairn_necromancer, MONSTER
goety:haunted_armor, MONSTER
goety:ally_vex, MONSTER
goety:ally_irk, MONSTER
goety:zombie_servant, MONSTER
goety:husk_servant, MONSTER
goety:drowned_servant, MONSTER
goety:frozen_zombie_servant, MONSTER
goety:jungle_zombie_servant, MONSTER
goety:skeleton_servant, MONSTER
goety:stray_servant, MONSTER
goety:wither_skeleton_servant, MONSTER
goety:mossy_skeleton_servant, MONSTER
goety:sunken_skeleton_servant, MONSTER
goety:necromancer_servant, MONSTER
goety:cairn_necromancer_servant, MONSTER
goety:vanguard_servant, MONSTER
goety:wraith_servant, MONSTER
goety:border_wraith_servant, MONSTER
goety:skeleton_pillager, MONSTER
goety:zombie_vindicator, MONSTER
goety:bound_evoker, MONSTER
goety:bound_iceologer, MONSTER
goety:haunted_armor_servant, MONSTER
goety:haunted_skull, MONSTER
goety:mini_ghast, MONSTER
goety:ghast_servant, MONSTER
goety:blaze_servant, MONSTER
goety:slime_servant, MONSTER
goety:magma_cube_servant, MONSTER
goety:crypt_slime_servant, MONSTER
goety:spider_servant, MONSTER
goety:cave_spider_servant, MONSTER
goety:web_spider_servant, MONSTER
goety:icy_spider_servant, MONSTER
goety:bone_spider_servant, MONSTER
goety:ravaged, MONSTER
goety:ravager, MONSTER
goety:armored_ravager, MONSTER
goety:zombie_ravager, MONSTER
goety:black_wolf, MONSTER
goety:bear_servant, MONSTER
goety:polar_bear_servant, MONSTER
goety:hoglin_servant, MONSTER
goety:whisperer, MONSTER
goety:wavewhisperer, MONSTER
goety:leapleaf, MONSTER
goety:ice_golem, MONSTER
goety:squall_golem, MONSTER
goety:redstone_golem, MONSTER
goety:grave_golem, MONSTER
goety:haunt, MONSTER
goety:redstone_monstrosity, MONSTER
goety:redstone_cube, MONSTER
goety:envioker, MONSTER
goety:tormentor, MONSTER
goety:inquillager, MONSTER
goety:conquillager, MONSTER
goety:piker, MONSTER
goety:ripper, MONSTER
goety:trampler, MONSTER
goety:crusher, MONSTER
goety:storm_caster, MONSTER
goety:cryologer, MONSTER
goety:preacher, MONSTER
goety:minister, MONSTER
goety:hostile_redstone_golem, MONSTER
goety:vizier, MONSTER
goety:vizier_clone, MONSTER
goety:irk, MONSTER
goety:skull_lord, MONSTER
goety:bone_lord, MONSTER
goety:wither_necromancer, MONSTER
bagus_lib:mini_bagu, CREATURE
unusualend:endstone_trapper, MONSTER
unusualend:undead_enderling, MONSTER
unusualend:ender_blob, MONSTER
unusualend:ender_firefly, MONSTER
unusualend:endstone_golem, MONSTER
unusualend:dragling, MONSTER
unusualend:bolok, MONSTER
unusualend:warpedislandplacer, MONSTER
botania:doppleganger, MONSTER
ghosts:ghost, CREATURE
ghosts:small_ghost, CREATURE
graveyard:skeleton_creeper, MONSTER
graveyard:acolyte, MONSTER
graveyard:reaper, MONSTER
graveyard:ghoul, MONSTER
graveyard:nightmare, MONSTER
graveyard:revenant, MONSTER
graveyard:falling_corpse, MONSTER
graveyard:lich, MONSTER
graveyard:wraith, MONSTER
graveyard:corrupted_pillager, MONSTER
graveyard:corrupted_vindicator, MONSTER
graveyard:ghouling, CREATURE
graveyard:nameless_hanged, CREATURE
totemic:buffalo, CREATURE
totemic:bald_eagle, CREATURE
totemic:baykok, MONSTER
ecologics:coconut_crab, CREATURE
ecologics:camel, CREATURE
ecologics:penguin, CREATURE
ecologics:squirrel, CREATURE
decoration_delight:stool_entity, MONSTER
create_things_and_misc:balloon_blaze, MONSTER
eidolon:zombie_brute, MONSTER
eidolon:giant_skeleton, MONSTER
eidolon:wraith, MONSTER
eidolon:necromancer, MONSTER
eidolon:raven, CREATURE
eidolon:slimy_slug, CREATURE
naturalist:snail, CREATURE
naturalist:bear, CREATURE
naturalist:butterfly, CREATURE
naturalist:firefly, AMBIENT
naturalist:snake, CREATURE
naturalist:coral_snake, CREATURE
naturalist:rattlesnake, CREATURE
naturalist:deer, CREATURE
naturalist:bluejay, CREATURE
naturalist:canary, CREATURE
naturalist:cardinal, CREATURE
naturalist:robin, CREATURE
naturalist:caterpillar, CREATURE
naturalist:rhino, CREATURE
naturalist:lion, CREATURE
naturalist:elephant, CREATURE
naturalist:zebra, CREATURE
naturalist:giraffe, CREATURE
naturalist:hippo, CREATURE
naturalist:vulture, CREATURE
naturalist:boar, CREATURE
naturalist:dragonfly, AMBIENT
naturalist:catfish, WATER_AMBIENT
naturalist:alligator, CREATURE
naturalist:bass, WATER_AMBIENT
naturalist:lizard, CREATURE
naturalist:lizard_tail, CREATURE
naturalist:tortoise, CREATURE
naturalist:duck, CREATURE
takesapillage:archer, MONSTER
takesapillage:skirmisher, MONSTER
takesapillage:legioner, MONSTER
railways:conductor, CREATURE
dragonmounts:dragon, CREATURE
cnb:little_grebe, CREATURE
cnb:lizard, CREATURE
cnb:lilytad, CREATURE
cnb:sporeling, CREATURE
cnb:minipad, CREATURE
cnb:end_whale, CREATURE
cnb:cactem, CREATURE
cnb:yeti, CREATURE
cnb:cindershell, CREATURE
witherstormmod:wither_storm, MONSTER
witherstormmod:wither_storm_segment, MONSTER
witherstormmod:sickened_zombie, MONSTER
witherstormmod:sickened_skeleton, MONSTER
witherstormmod:sickened_spider, MONSTER
witherstormmod:sickened_creeper, MONSTER
witherstormmod:withered_symbiont, MONSTER
witherstormmod:wither_storm_head, MONSTER
witherstormmod:tentacle, MONSTER
enchantwithmob:enchanter, MONSTER
musketeer_illager:marksman, MONSTER
conjurer_illager:conjurer, MONSTER
environmental:slabfish, CREATURE
environmental:duck, CREATURE
environmental:deer, CREATURE
environmental:reindeer, CREATURE
environmental:yak, CREATURE
environmental:koi, WATER_AMBIENT
environmental:tapir, CREATURE
environmental:zebra, CREATURE
savage_and_ravage:skeleton_villager, MONSTER
savage_and_ravage:creepie, CREATURE
savage_and_ravage:griefer, MONSTER
savage_and_ravage:trickster, MONSTER
savage_and_ravage:iceologer, MONSTER
savage_and_ravage:executioner, MONSTER
caverns_and_chasms:deeper, MONSTER
caverns_and_chasms:peeper, MONSTER
caverns_and_chasms:mime, MONSTER
caverns_and_chasms:glare, AMBIENT
caverns_and_chasms:lost_goat, caverns_and_chasms:lost_goat
tconstruct:sky_slime, MONSTER
tconstruct:ender_slime, MONSTER
tconstruct:terracube, MONSTER
tradersindisguise:sickle_ambusher, MONSTER
tradersindisguise:bow_ambusher, MONSTER
quark:foxhound, CREATURE
quark:wraith, MONSTER
quark:crab, CREATURE
quark:forgotten, MONSTER
quark:shiba, CREATURE
quark:stoneling, CREATURE
quark:toretoise, CREATURE
supplementaries:red_merchant, CREATURE
hunterillager:hunterillager, MONSTER
crabbersdelight:crab, WATER_AMBIENT
